<html>
<body>
<pre>
<h1>µVision Build Log</h1>
<h2>Tool Versions:</h2>
IDE-Version: µVision V5.24.2.0
Copyright (C) 2017 ARM Ltd and ARM Germany GmbH. All rights reserved.
License Information: Pablo Navarrete, Hewlett-Packard, LIC=YA39U-SYCDU-RA1DM-XC6QU-7AGN6-VHDQ1
 
Tool Versions:
Toolchain:       MDK-ARM Plus  Version: 5.24.1
Toolchain Path:  C:\Keil_v5\ARM\ARMCC\Bin
C Compiler:      Armcc.exe V5.06 update 5 (build 528)
Assembler:       Armasm.exe V5.06 update 5 (build 528)
Linker/Locator:  ArmLink.exe V5.06 update 5 (build 528)
Library Manager: ArmAr.exe V5.06 update 5 (build 528)
Hex Converter:   FromElf.exe V5.06 update 5 (build 528)
CPU DLL:         SARMCM3.DLL V5.24.1
Dialog DLL:      DCM.DLL V1.16.0.0
Target DLL:      STLink\ST-LINKIII-KEIL_SWO.dll V3.0.1.0
Dialog DLL:      TCM.DLL V1.32.0.0
 
<h2>Project:</h2>
C:\Users\steve\Documents\3\Circuitos\ARM\STM32\Iniciativa ISA\ISA3_0_Beta1\MDK-ARM\ISA3_0_Beta1.uvprojx
Project File Date:  10/12/2020

<h2>Output:</h2>
*** Using Compiler 'V5.06 update 5 (build 528)', folder: 'C:\Keil_v5\ARM\ARMCC\Bin'
Build target 'ISA3_0_Beta1'
compiling TFT_STM32_16.c...
..\Src\TFT_STM32_16.c(30): warning:  #61-D: integer operation result is out of range
      
FT_RSReset();
..\Src\TFT_STM32_16.c(30): warning:  #68-D: integer conversion resulted in a change of sign
      
FT_RSReset();
..\Src\TFT_STM32_16.c(144): warning:  #167-D: argument of type "TCHAR *" is incompatible with parameter of type "unsigned char *"
      jpeg_mem_src(&cinfo,t_buffer2,sizeof t_buffer2);
..\Src\TFT_STM32_16.c(212): warning:  #167-D: argument of type "TCHAR *" is incompatible with parameter of type "unsigned char *"
      jpeg_mem_src(&cinfo,t_buffer2,sizeof t_buffer2);
..\Src\TFT_STM32_16.c(223): warning:  #167-D: argument of type "unsigned char *" is incompatible with parameter of type "TCHAR *"
  		for(tftcnt = 0; tftcnt < icon->high*3;tftcnt+=2)  TFT_Write16Pmt(&t_buffer3[tftcnt]);
..\Src\TFT_STM32_16.c(244): warning:  #167-D: argument of type "TCHAR *" is incompatible with parameter of type "unsigned char *"
      jpeg_mem_src(&cinfo,t_buffer2,758);
..\Src\TFT_STM32_16.c(259): warning:  #167-D: argument of type "unsigned char *" is incompatible with parameter of type "TCHAR *"
  		for(tftcnt = 0; tftcnt < icon->high*3;tftcnt+=2)  TFT_Write16Pmt(&t_buffer3[tftcnt]);
..\Src\TFT_STM32_16.c: 8 warnings, 0 errors
linking...
Program Size: Code=73424 RO-data=33672 RW-data=68 ZI-data=21452  
FromELF: creating hex file...
"ISA3_0_Beta1\ISA3_0_Beta1.axf" - 0 Error(s), 7 Warning(s).

<h2>Software Packages used:</h2>

Package Vendor: ARM
                http://www.keil.com/pack/ARM.CMSIS.5.4.0.pack
                ARM.CMSIS.5.4.0
                CMSIS (Cortex Microcontroller Software Interface Standard)
   * Component: CORE Version: 5.1.2

Package Vendor: Keil
                http://www.keil.com/pack/Keil.STM32F4xx_DFP.2.13.0.pack
                Keil.STM32F4xx_DFP.2.13.0
                STMicroelectronics STM32F4 Series Device Support, Drivers and Examples

<h2>Collection of Component include folders:</h2>
  .\RTE\_ISA3_0_Beta1
  C:\Keil_v5\ARM\PACK\ARM\CMSIS\5.4.0\CMSIS\Core\Include
  C:\Keil_v5\ARM\PACK\Keil\STM32F4xx_DFP\2.13.0\Drivers\CMSIS\Device\ST\STM32F4xx\Include

<h2>Collection of Component Files used:</h2>

   * Component: ARM::CMSIS:CORE:5.1.2
Build Time Elapsed:  00:00:05
</pre>
</body>
</html>
