Component: ARM Compiler 5.06 update 5 (build 528) Tool: armlink [4d35e2]

==============================================================================

Section Cross References

    startup_stm32f407xx.o(RESET) refers to startup_stm32f407xx.o(STACK) for __initial_sp
    startup_stm32f407xx.o(RESET) refers to startup_stm32f407xx.o(.text) for Reset_Handler
    startup_stm32f407xx.o(RESET) refers to stm32f4xx_it.o(i.NMI_Handler) for NMI_Handler
    startup_stm32f407xx.o(RESET) refers to stm32f4xx_it.o(i.HardFault_Handler) for HardFault_Handler
    startup_stm32f407xx.o(RESET) refers to stm32f4xx_it.o(i.MemManage_Handler) for MemManage_Handler
    startup_stm32f407xx.o(RESET) refers to stm32f4xx_it.o(i.BusFault_Handler) for BusFault_Handler
    startup_stm32f407xx.o(RESET) refers to stm32f4xx_it.o(i.UsageFault_Handler) for UsageFault_Handler
    startup_stm32f407xx.o(RESET) refers to stm32f4xx_it.o(i.SVC_Handler) for SVC_Handler
    startup_stm32f407xx.o(RESET) refers to stm32f4xx_it.o(i.DebugMon_Handler) for DebugMon_Handler
    startup_stm32f407xx.o(RESET) refers to stm32f4xx_it.o(i.PendSV_Handler) for PendSV_Handler
    startup_stm32f407xx.o(RESET) refers to stm32f4xx_it.o(i.SysTick_Handler) for SysTick_Handler
    startup_stm32f407xx.o(RESET) refers to stm32f4xx_it.o(i.OTG_FS_IRQHandler) for OTG_FS_IRQHandler
    startup_stm32f407xx.o(.text) refers to system_stm32f4xx.o(i.SystemInit) for SystemInit
    startup_stm32f407xx.o(.text) refers to entry.o(.ARM.Collect$$$$00000000) for __main
    main.o(i.MX_GPIO_Init) refers to memseta.o(.text) for __aeabi_memclr4
    main.o(i.MX_GPIO_Init) refers to stm32f4xx_hal_gpio.o(i.HAL_GPIO_WritePin) for HAL_GPIO_WritePin
    main.o(i.MX_GPIO_Init) refers to stm32f4xx_hal_gpio.o(i.HAL_GPIO_Init) for HAL_GPIO_Init
    main.o(i.SystemClock_Config) refers to memseta.o(.text) for __aeabi_memclr4
    main.o(i.SystemClock_Config) refers to stm32f4xx_hal_rcc.o(i.HAL_RCC_OscConfig) for HAL_RCC_OscConfig
    main.o(i.SystemClock_Config) refers to stm32f4xx_hal_rcc.o(i.HAL_RCC_ClockConfig) for HAL_RCC_ClockConfig
    main.o(i.SystemClock_Config) refers to stm32f4xx_hal_rcc_ex.o(i.HAL_RCCEx_PeriphCLKConfig) for HAL_RCCEx_PeriphCLKConfig
    main.o(i.TFT_printf) refers to tft_stm32_16.o(i.TFT_putchar) for TFT_putchar
    main.o(i.TFT_printf) refers to main.o(.constdata) for .constdata
    main.o(i.main) refers to stm32f4xx_hal.o(i.HAL_Init) for HAL_Init
    main.o(i.main) refers to main.o(i.SystemClock_Config) for SystemClock_Config
    main.o(i.main) refers to main.o(i.MX_GPIO_Init) for MX_GPIO_Init
    main.o(i.main) refers to stm32f4xx_hal_i2c.o(i.HAL_I2C_Init) for HAL_I2C_Init
    main.o(i.main) refers to stm32f4xx_hal_i2s.o(i.HAL_I2S_Init) for HAL_I2S_Init
    main.o(i.main) refers to fatfs.o(i.MX_FATFS_Init) for MX_FATFS_Init
    main.o(i.main) refers to libjpeg.o(i.MX_LIBJPEG_Init) for MX_LIBJPEG_Init
    main.o(i.main) refers to usb_host.o(i.MX_USB_HOST_Init) for MX_USB_HOST_Init
    main.o(i.main) refers to tft_stm32_16.o(i.TFT_Init) for TFT_Init
    main.o(i.main) refers to tft_stm32_16.o(i.TFT_putchar) for TFT_putchar
    main.o(i.main) refers to stm32f4xx_hal_gpio.o(i.HAL_GPIO_TogglePin) for HAL_GPIO_TogglePin
    main.o(i.main) refers to stm32f4xx_hal.o(i.HAL_Delay) for HAL_Delay
    main.o(i.main) refers to main.o(.bss) for .bss
    main.o(i.main) refers to main.o(.constdata) for .constdata
    usbh_diskio.o(i.USBH_ioctl) refers to usbh_msc.o(i.USBH_MSC_GetLUNInfo) for USBH_MSC_GetLUNInfo
    usbh_diskio.o(i.USBH_ioctl) refers to usb_host.o(.bss) for hUsbHostFS
    usbh_diskio.o(i.USBH_read) refers to usbh_msc.o(i.USBH_MSC_Read) for USBH_MSC_Read
    usbh_diskio.o(i.USBH_read) refers to usbh_msc.o(i.USBH_MSC_GetLUNInfo) for USBH_MSC_GetLUNInfo
    usbh_diskio.o(i.USBH_read) refers to usb_host.o(.bss) for hUsbHostFS
    usbh_diskio.o(i.USBH_status) refers to usbh_msc.o(i.USBH_MSC_UnitIsReady) for USBH_MSC_UnitIsReady
    usbh_diskio.o(i.USBH_status) refers to usb_host.o(.bss) for hUsbHostFS
    usbh_diskio.o(i.USBH_write) refers to usbh_msc.o(i.USBH_MSC_Write) for USBH_MSC_Write
    usbh_diskio.o(i.USBH_write) refers to usbh_msc.o(i.USBH_MSC_GetLUNInfo) for USBH_MSC_GetLUNInfo
    usbh_diskio.o(i.USBH_write) refers to usb_host.o(.bss) for hUsbHostFS
    usbh_diskio.o(.constdata) refers to usbh_diskio.o(i.USBH_initialize) for USBH_initialize
    usbh_diskio.o(.constdata) refers to usbh_diskio.o(i.USBH_status) for USBH_status
    usbh_diskio.o(.constdata) refers to usbh_diskio.o(i.USBH_read) for USBH_read
    usbh_diskio.o(.constdata) refers to usbh_diskio.o(i.USBH_write) for USBH_write
    usbh_diskio.o(.constdata) refers to usbh_diskio.o(i.USBH_ioctl) for USBH_ioctl
    fatfs.o(i.MX_FATFS_Init) refers to ff_gen_drv.o(i.FATFS_LinkDriver) for FATFS_LinkDriver
    fatfs.o(i.MX_FATFS_Init) refers to fatfs.o(.data) for .data
    fatfs.o(i.MX_FATFS_Init) refers to usbh_diskio.o(.constdata) for USBH_Driver
    jdata_conf.o(i.read_file) refers to ff.o(i.f_read) for f_read
[...]
    I2C1_ER_IRQHandler                       0x080001b7   Thumb Code     0  startup_stm32f407xx.o(.text)
    I2C1_EV_IRQHandler                       0x080001b7   Thumb Code     0  startup_stm32f407xx.o(.text)
    I2C2_ER_IRQHandler                       0x080001b7   Thumb Code     0  startup_stm32f407xx.o(.text)
    I2C2_EV_IRQHandler                       0x080001b7   Thumb Code     0  startup_stm32f407xx.o(.text)
    I2C3_ER_IRQHandler                       0x080001b7   Thumb Code     0  startup_stm32f407xx.o(.text)
    I2C3_EV_IRQHandler                       0x080001b7   Thumb Code     0  startup_stm32f407xx.o(.text)
    OTG_FS_WKUP_IRQHandler                   0x080001b7   Thumb Code     0  startup_stm32f407xx.o(.text)
    OTG_HS_EP1_IN_IRQHandler                 0x080001b7   Thumb Code     0  startup_stm32f407xx.o(.text)
    OTG_HS_EP1_OUT_IRQHandler                0x080001b7   Thumb Code     0  startup_stm32f407xx.o(.text)
    OTG_HS_IRQHandler                        0x080001b7   Thumb Code     0  startup_stm32f407xx.o(.text)
    OTG_HS_WKUP_IRQHandler                   0x080001b7   Thumb Code     0  startup_stm32f407xx.o(.text)
    PVD_IRQHandler                           0x080001b7   Thumb Code     0  startup_stm32f407xx.o(.text)
    RCC_IRQHandler                           0x080001b7   Thumb Code     0  startup_stm32f407xx.o(.text)
    RTC_Alarm_IRQHandler                     0x080001b7   Thumb Code     0  startup_stm32f407xx.o(.text)
    RTC_WKUP_IRQHandler                      0x080001b7   Thumb Code     0  startup_stm32f407xx.o(.text)
    SDIO_IRQHandler                          0x080001b7   Thumb Code     0  startup_stm32f407xx.o(.text)
    SPI1_IRQHandler                          0x080001b7   Thumb Code     0  startup_stm32f407xx.o(.text)
    SPI2_IRQHandler                          0x080001b7   Thumb Code     0  startup_stm32f407xx.o(.text)
    SPI3_IRQHandler                          0x080001b7   Thumb Code     0  startup_stm32f407xx.o(.text)
    TAMP_STAMP_IRQHandler                    0x080001b7   Thumb Code     0  startup_stm32f407xx.o(.text)
    TIM1_BRK_TIM9_IRQHandler                 0x080001b7   Thumb Code     0  startup_stm32f407xx.o(.text)
    TIM1_CC_IRQHandler                       0x080001b7   Thumb Code     0  startup_stm32f407xx.o(.text)
    TIM1_TRG_COM_TIM11_IRQHandler            0x080001b7   Thumb Code     0  startup_stm32f407xx.o(.text)
    TIM1_UP_TIM10_IRQHandler                 0x080001b7   Thumb Code     0  startup_stm32f407xx.o(.text)
    TIM2_IRQHandler                          0x080001b7   Thumb Code     0  startup_stm32f407xx.o(.text)
    TIM3_IRQHandler                          0x080001b7   Thumb Code     0  startup_stm32f407xx.o(.text)
    TIM4_IRQHandler                          0x080001b7   Thumb Code     0  startup_stm32f407xx.o(.text)
    TIM5_IRQHandler                          0x080001b7   Thumb Code     0  startup_stm32f407xx.o(.text)
    TIM6_DAC_IRQHandler                      0x080001b7   Thumb Code     0  startup_stm32f407xx.o(.text)
    TIM7_IRQHandler                          0x080001b7   Thumb Code     0  startup_stm32f407xx.o(.text)
    TIM8_BRK_TIM12_IRQHandler                0x080001b7   Thumb Code     0  startup_stm32f407xx.o(.text)
    TIM8_CC_IRQHandler                       0x080001b7   Thumb Code     0  startup_stm32f407xx.o(.text)
    TIM8_TRG_COM_TIM14_IRQHandler            0x080001b7   Thumb Code     0  startup_stm32f407xx.o(.text)
    TIM8_UP_TIM13_IRQHandler                 0x080001b7   Thumb Code     0  startup_stm32f407xx.o(.text)
    UART4_IRQHandler                         0x080001b7   Thumb Code     0  startup_stm32f407xx.o(.text)
    UART5_IRQHandler                         0x080001b7   Thumb Code     0  startup_stm32f407xx.o(.text)
    USART1_IRQHandler                        0x080001b7   Thumb Code     0  startup_stm32f407xx.o(.text)
    USART2_IRQHandler                        0x080001b7   Thumb Code     0  startup_stm32f407xx.o(.text)
    USART3_IRQHandler                        0x080001b7   Thumb Code     0  startup_stm32f407xx.o(.text)
    USART6_IRQHandler                        0x080001b7   Thumb Code     0  startup_stm32f407xx.o(.text)
    WWDG_IRQHandler                          0x080001b7   Thumb Code     0  startup_stm32f407xx.o(.text)
    __aeabi_uldivmod                         0x080001c1   Thumb Code    98  uldiv.o(.text)
    __aeabi_memcpy                           0x08000223   Thumb Code    36  memcpya.o(.text)
    __aeabi_memcpy4                          0x08000223   Thumb Code     0  memcpya.o(.text)
    __aeabi_memcpy8                          0x08000223   Thumb Code     0  memcpya.o(.text)
    __aeabi_memset                           0x08000247   Thumb Code    14  memseta.o(.text)
    __aeabi_memset4                          0x08000247   Thumb Code     0  memseta.o(.text)
    __aeabi_memset8                          0x08000247   Thumb Code     0  memseta.o(.text)
    __aeabi_memclr                           0x08000255   Thumb Code     4  memseta.o(.text)
    __aeabi_memclr4                          0x08000255   Thumb Code     0  memseta.o(.text)
    __aeabi_memclr8                          0x08000255   Thumb Code     0  memseta.o(.text)
    _memset$wrapper                          0x08000259   Thumb Code    18  memseta.o(.text)
    __aeabi_dmul                             0x0800026b   Thumb Code   228  dmul.o(.text)
    __aeabi_ui2d                             0x0800034f   Thumb Code    26  dfltui.o(.text)
    __aeabi_d2f                              0x08000369   Thumb Code    56  d2f.o(.text)
    __aeabi_llsl                             0x080003a1   Thumb Code    30  llshl.o(.text)
    _ll_shift_l                              0x080003a1   Thumb Code     0  llshl.o(.text)
    __aeabi_llsr                             0x080003bf   Thumb Code    32  llushr.o(.text)
    _ll_ushift_r                             0x080003bf   Thumb Code     0  llushr.o(.text)
    __I$use$fp                               0x080003df   Thumb Code     0  iusefp.o(.text)
    _float_round                             0x080003df   Thumb Code    18  fepilogue.o(.text)
    _float_epilogue                          0x080003f1   Thumb Code    92  fepilogue.o(.text)
    _double_round                            0x0800044d   Thumb Code    30  depilogue.o(.text)
    _double_epilogue                         0x0800046b   Thumb Code   156  depilogue.o(.text)
    __scatterload                            0x08000509   Thumb Code    28  init.o(.text)
    __scatterload_rt2                        0x08000509   Thumb Code     0  init.o(.text)
    BusFault_Handler                         0x0800052d   Thumb Code     2  stm32f4xx_it.o(i.BusFault_Handler)
    DebugMon_Handler                         0x08000581   Thumb Code     2  stm32f4xx_it.o(i.DebugMon_Handler)
    Error_Handler                            0x08000583   Thumb Code     2  main.o(i.Error_Handler)
    FATFS_LinkDriver                         0x08000585   Thumb Code     6  ff_gen_drv.o(i.FATFS_LinkDriver)
    FATFS_LinkDriverEx                       0x0800058d   Thumb Code    58  ff_gen_drv.o(i.FATFS_LinkDriverEx)
    HAL_Delay                                0x080005cd   Thumb Code    32  stm32f4xx_hal.o(i.HAL_Delay)
    HAL_GPIO_Init                            0x080005f1   Thumb Code   394  stm32f4xx_hal_gpio.o(i.HAL_GPIO_Init)
    HAL_GPIO_TogglePin                       0x080007a9   Thumb Code    14  stm32f4xx_hal_gpio.o(i.HAL_GPIO_TogglePin)
    HAL_GPIO_WritePin                        0x080007b7   Thumb Code    10  stm32f4xx_hal_gpio.o(i.HAL_GPIO_WritePin)
    HAL_GetTick                              0x080007c1   Thumb Code     6  stm32f4xx_hal.o(i.HAL_GetTick)
    HAL_HCD_Connect_Callback                 0x080007cd   Thumb Code     8  usbh_conf.o(i.HAL_HCD_Connect_Callback)
    HAL_HCD_Disconnect_Callback              0x080007d5   Thumb Code     8  usbh_conf.o(i.HAL_HCD_Disconnect_Callback)
    HAL_HCD_GetCurrentFrame                  0x080007dd   Thumb Code     6  stm32f4xx_hal_hcd.o(i.HAL_HCD_GetCurrentFrame)
    HAL_HCD_HC_GetURBState                   0x080007e3   Thumb Code    14  stm32f4xx_hal_hcd.o(i.HAL_HCD_HC_GetURBState)
    HAL_HCD_HC_GetXferCount                  0x080007f1   Thumb Code    12  stm32f4xx_hal_hcd.o(i.HAL_HCD_HC_GetXferCount)
    HAL_HCD_HC_Halt                          0x080007fd   Thumb Code    36  stm32f4xx_hal_hcd.o(i.HAL_HCD_HC_Halt)
    HAL_HCD_HC_Init                          0x08000821   Thumb Code   114  stm32f4xx_hal_hcd.o(i.HAL_HCD_HC_Init)
    HAL_HCD_HC_NotifyURBChange_Callback      0x08000893   Thumb Code     2  usbh_conf.o(i.HAL_HCD_HC_NotifyURBChange_Callback)
    HAL_HCD_HC_SubmitRequest                 0x08000895   Thumb Code   148  stm32f4xx_hal_hcd.o(i.HAL_HCD_HC_SubmitRequest)
    HAL_HCD_IRQHandler                       0x08000929   Thumb Code   304  stm32f4xx_hal_hcd.o(i.HAL_HCD_IRQHandler)
    HAL_HCD_Init                             0x08000a59   Thumb Code   114  stm32f4xx_hal_hcd.o(i.HAL_HCD_Init)
    HAL_HCD_MspInit                          0x08000acd   Thumb Code   140  usbh_conf.o(i.HAL_HCD_MspInit)
    HAL_HCD_PortDisabled_Callback            0x08000b61   Thumb Code     8  usbh_conf.o(i.HAL_HCD_PortDisabled_Callback)
    HAL_HCD_PortEnabled_Callback             0x08000b69   Thumb Code     8  usbh_conf.o(i.HAL_HCD_PortEnabled_Callback)
    HAL_HCD_SOF_Callback                     0x08000b71   Thumb Code     8  usbh_conf.o(i.HAL_HCD_SOF_Callback)
    HAL_HCD_Start                            0x08000b79   Thumb Code    44  stm32f4xx_hal_hcd.o(i.HAL_HCD_Start)
    HAL_HCD_Stop                             0x08000ba5   Thumb Code    36  stm32f4xx_hal_hcd.o(i.HAL_HCD_Stop)
    HAL_I2C_Init                             0x08000bc9   Thumb Code   376  stm32f4xx_hal_i2c.o(i.HAL_I2C_Init)
    HAL_I2C_MspInit                          0x08000d51   Thumb Code    94  stm32f4xx_hal_msp.o(i.HAL_I2C_MspInit)
    HAL_I2SEx_FullDuplex_IRQHandler          0x08000dbd   Thumb Code   492  stm32f4xx_hal_i2s_ex.o(i.HAL_I2SEx_FullDuplex_IRQHandler)
    HAL_I2SEx_TxRxCpltCallback               0x08000fb1   Thumb Code     2  stm32f4xx_hal_i2s_ex.o(i.HAL_I2SEx_TxRxCpltCallback)
    HAL_I2S_ErrorCallback                    0x08000fb3   Thumb Code     2  stm32f4xx_hal_i2s.o(i.HAL_I2S_ErrorCallback)
    HAL_I2S_Init                             0x08000fb5   Thumb Code   354  stm32f4xx_hal_i2s.o(i.HAL_I2S_Init)
    HAL_I2S_MspInit                          0x08001129   Thumb Code   128  stm32f4xx_hal_msp.o(i.HAL_I2S_MspInit)
    HAL_I2S_RxCpltCallback                   0x080011b9   Thumb Code     2  stm32f4xx_hal_i2s.o(i.HAL_I2S_RxCpltCallback)
    HAL_I2S_TxCpltCallback                   0x080011bb   Thumb Code     2  stm32f4xx_hal_i2s.o(i.HAL_I2S_TxCpltCallback)
    HAL_IncTick                              0x080011bd   Thumb Code    12  stm32f4xx_hal.o(i.HAL_IncTick)
    HAL_Init                                 0x080011cd   Thumb Code    48  stm32f4xx_hal.o(i.HAL_Init)
    HAL_InitTick                             0x08001201   Thumb Code    54  stm32f4xx_hal.o(i.HAL_InitTick)
    HAL_MspInit                              0x08001241   Thumb Code    48  stm32f4xx_hal_msp.o(i.HAL_MspInit)
    HAL_NVIC_EnableIRQ                       0x08001275   Thumb Code    26  stm32f4xx_hal_cortex.o(i.HAL_NVIC_EnableIRQ)
    HAL_NVIC_SetPriority                     0x08001291   Thumb Code    60  stm32f4xx_hal_cortex.o(i.HAL_NVIC_SetPriority)
    HAL_NVIC_SetPriorityGrouping             0x080012d1   Thumb Code    26  stm32f4xx_hal_cortex.o(i.HAL_NVIC_SetPriorityGrouping)
    HAL_RCCEx_GetPeriphCLKFreq               0x080012f5   Thumb Code    76  stm32f4xx_hal_rcc_ex.o(i.HAL_RCCEx_GetPeriphCLKFreq)
    HAL_RCCEx_PeriphCLKConfig                0x08001351   Thumb Code   296  stm32f4xx_hal_rcc_ex.o(i.HAL_RCCEx_PeriphCLKConfig)
    HAL_RCC_ClockConfig                      0x0800148d   Thumb Code   288  stm32f4xx_hal_rcc.o(i.HAL_RCC_ClockConfig)
    HAL_RCC_GetPCLK1Freq                     0x080015c1   Thumb Code    20  stm32f4xx_hal_rcc.o(i.HAL_RCC_GetPCLK1Freq)
    HAL_RCC_GetSysClockFreq                  0x080015e1   Thumb Code    88  stm32f4xx_hal_rcc.o(i.HAL_RCC_GetSysClockFreq)
    HAL_RCC_OscConfig                        0x08001641   Thumb Code   840  stm32f4xx_hal_rcc.o(i.HAL_RCC_OscConfig)
    HAL_SYSTICK_Config                       0x0800199d   Thumb Code    40  stm32f4xx_hal_cortex.o(i.HAL_SYSTICK_Config)
    HardFault_Handler                        0x08001f85   Thumb Code    26  stm32f4xx_it.o(i.HardFault_Handler)
    MX_DriverVbusFS                          0x08002159   Thumb Code    16  usbh_platform.o(i.MX_DriverVbusFS)
    MX_FATFS_Init                            0x0800216d   Thumb Code    18  fatfs.o(i.MX_FATFS_Init)
    MX_LIBJPEG_Init                          0x08002319   Thumb Code     2  libjpeg.o(i.MX_LIBJPEG_Init)
    MX_USB_HOST_Init                         0x0800231d   Thumb Code    52  usb_host.o(i.MX_USB_HOST_Init)
    MemManage_Handler                        0x0800235d   Thumb Code     2  stm32f4xx_it.o(i.MemManage_Handler)
    NMI_Handler                              0x0800235f   Thumb Code     2  stm32f4xx_it.o(i.NMI_Handler)
    OTG_FS_IRQHandler                        0x08002361   Thumb Code     6  stm32f4xx_it.o(i.OTG_FS_IRQHandler)
    PendSV_Handler                           0x0800236d   Thumb Code     2  stm32f4xx_it.o(i.PendSV_Handler)
    SVC_Handler                              0x0800236f   Thumb Code     2  stm32f4xx_it.o(i.SVC_Handler)
    SysTick_Handler                          0x08002371   Thumb Code     4  stm32f4xx_it.o(i.SysTick_Handler)
    SystemClock_Config                       0x08002375   Thumb Code   148  main.o(i.SystemClock_Config)
    SystemInit                               0x08002411   Thumb Code    22  system_stm32f4xx.o(i.SystemInit)
    TFT_Init                                 0x0800242d   Thumb Code   450  tft_stm32_16.o(i.TFT_Init)
    TFT_ReadChar                             0x080025f9   Thumb Code    46  tft_stm32_16.o(i.TFT_ReadChar)
    TFT_SetScroll                            0x08002631   Thumb Code   108  tft_stm32_16.o(i.TFT_SetScroll)
    TFT_Write16Pmt                           0x0800269d   Thumb Code    58  tft_stm32_16.o(i.TFT_Write16Pmt)
    TFT_WriteCmd                             0x080026e1   Thumb Code    66  tft_stm32_16.o(i.TFT_WriteCmd)
    TFT_WritePmt                             0x0800272d   Thumb Code    56  tft_stm32_16.o(i.TFT_WritePmt)
    TFT_putchar                              0x0800276d   Thumb Code   216  tft_stm32_16.o(i.TFT_putchar)
    USBH_AllocPipe                           0x08002851   Thumb Code    56  usbh_pipes.o(i.USBH_AllocPipe)
    USBH_BulkReceiveData                     0x08002889   Thumb Code    32  usbh_ioreq.o(i.USBH_BulkReceiveData)
    USBH_BulkSendData                        0x080028a9   Thumb Code    40  usbh_ioreq.o(i.USBH_BulkSendData)
    USBH_ClosePipe                           0x080028d1   Thumb Code    10  usbh_pipes.o(i.USBH_ClosePipe)
    USBH_ClrFeature                          0x080028db   Thumb Code    30  usbh_ctlreq.o(i.USBH_ClrFeature)
    USBH_CtlReceiveData                      0x080028f9   Thumb Code    30  usbh_ioreq.o(i.USBH_CtlReceiveData)
    USBH_CtlReq                              0x08002917   Thumb Code    58  usbh_ctlreq.o(i.USBH_CtlReq)
    USBH_CtlSendData                         0x08002951   Thumb Code    40  usbh_ioreq.o(i.USBH_CtlSendData)
    USBH_CtlSendSetup                        0x08002979   Thumb Code    30  usbh_ioreq.o(i.USBH_CtlSendSetup)
    USBH_FindInterface                       0x08002999   Thumb Code    68  usbh_core.o(i.USBH_FindInterface)
    USBH_FreePipe                            0x080029dd   Thumb Code    24  usbh_pipes.o(i.USBH_FreePipe)
    USBH_Get_USB_Status                      0x080029f5   Thumb Code    24  usbh_conf.o(i.USBH_Get_USB_Status)
    USBH_Init                                0x08002b9f   Thumb Code    62  usbh_core.o(i.USBH_Init)
    USBH_LL_ClosePipe                        0x08002bdd   Thumb Code    18  usbh_conf.o(i.USBH_LL_ClosePipe)
    USBH_LL_Connect                          0x08002bef   Thumb Code    20  usbh_core.o(i.USBH_LL_Connect)
    USBH_LL_Disconnect                       0x08002c03   Thumb Code    46  usbh_core.o(i.USBH_LL_Disconnect)
    USBH_LL_DriverVBUS                       0x08002c31   Thumb Code    26  usbh_conf.o(i.USBH_LL_DriverVBUS)
    USBH_LL_GetLastXferSize                  0x08002c4b   Thumb Code     8  usbh_conf.o(i.USBH_LL_GetLastXferSize)
    USBH_LL_GetToggle                        0x08002c53   Thumb Code    30  usbh_conf.o(i.USBH_LL_GetToggle)
    USBH_LL_GetURBState                      0x08002c71   Thumb Code     8  usbh_conf.o(i.USBH_LL_GetURBState)
    USBH_LL_IncTimer                         0x08002c79   Thumb Code    30  usbh_core.o(i.USBH_LL_IncTimer)
    USBH_LL_Init                             0x08002c99   Thumb Code    74  usbh_conf.o(i.USBH_LL_Init)
    USBH_LL_OpenPipe                         0x08002ce9   Thumb Code    28  usbh_conf.o(i.USBH_LL_OpenPipe)
    USBH_LL_PortDisabled                     0x08002d05   Thumb Code     8  usbh_core.o(i.USBH_LL_PortDisabled)
    USBH_LL_PortEnabled                      0x08002d0d   Thumb Code     8  usbh_core.o(i.USBH_LL_PortEnabled)
    USBH_LL_SetTimer                         0x08002d15   Thumb Code     6  usbh_core.o(i.USBH_LL_SetTimer)
    USBH_LL_SetToggle                        0x08002d1b   Thumb Code    32  usbh_conf.o(i.USBH_LL_SetToggle)
    USBH_LL_Start                            0x08002d3b   Thumb Code    18  usbh_conf.o(i.USBH_LL_Start)
    USBH_LL_Stop                             0x08002d4d   Thumb Code    18  usbh_conf.o(i.USBH_LL_Stop)
    USBH_LL_SubmitURB                        0x08002d5f   Thumb Code    34  usbh_conf.o(i.USBH_LL_SubmitURB)
    USBH_MSC_BOT_Init                        0x08002da1   Thumb Code    26  usbh_msc_bot.o(i.USBH_MSC_BOT_Init)
    USBH_MSC_BOT_Process                     0x08002dc5   Thumb Code   470  usbh_msc_bot.o(i.USBH_MSC_BOT_Process)
    USBH_MSC_BOT_REQ_GetMaxLUN               0x08002fa1   Thumb Code    22  usbh_msc_bot.o(i.USBH_MSC_BOT_REQ_GetMaxLUN)
    USBH_MSC_BOT_REQ_Reset                   0x08002fb7   Thumb Code    22  usbh_msc_bot.o(i.USBH_MSC_BOT_REQ_Reset)
    USBH_MSC_GetLUNInfo                      0x08003045   Thumb Code    46  usbh_msc.o(i.USBH_MSC_GetLUNInfo)
    USBH_MSC_Read                            0x080034c3   Thumb Code   138  usbh_msc.o(i.USBH_MSC_Read)
    USBH_MSC_SCSI_Inquiry                    0x0800354d   Thumb Code   212  usbh_msc_scsi.o(i.USBH_MSC_SCSI_Inquiry)
    USBH_MSC_SCSI_Read                       0x08003621   Thumb Code   128  usbh_msc_scsi.o(i.USBH_MSC_SCSI_Read)
    USBH_MSC_SCSI_ReadCapacity               0x080036a1   Thumb Code   122  usbh_msc_scsi.o(i.USBH_MSC_SCSI_ReadCapacity)
    USBH_MSC_SCSI_RequestSense               0x0800371b   Thumb Code   146  usbh_msc_scsi.o(i.USBH_MSC_SCSI_RequestSense)
    USBH_MSC_SCSI_TestUnitReady              0x080037ad   Thumb Code    76  usbh_msc_scsi.o(i.USBH_MSC_SCSI_TestUnitReady)
    USBH_MSC_SCSI_Write                      0x080037f9   Thumb Code   128  usbh_msc_scsi.o(i.USBH_MSC_SCSI_Write)
    USBH_MSC_UnitIsReady                     0x0800387d   Thumb Code    38  usbh_msc.o(i.USBH_MSC_UnitIsReady)
    USBH_MSC_Write                           0x080038a3   Thumb Code   138  usbh_msc.o(i.USBH_MSC_Write)
    USBH_OpenPipe                            0x0800392d   Thumb Code    20  usbh_pipes.o(i.USBH_OpenPipe)
    USBH_RegisterClass                       0x08003941   Thumb Code    28  usbh_core.o(i.USBH_RegisterClass)
    USBH_SelectInterface                     0x0800395d   Thumb Code    22  usbh_core.o(i.USBH_SelectInterface)
    USBH_Start                               0x08003973   Thumb Code    20  usbh_core.o(i.USBH_Start)
    USBH_initialize                          0x080039a9   Thumb Code     4  usbh_diskio.o(i.USBH_initialize)
    USBH_ioctl                               0x080039ad   Thumb Code    96  usbh_diskio.o(i.USBH_ioctl)
    USBH_read                                0x08003a11   Thumb Code    62  usbh_diskio.o(i.USBH_read)
    USBH_status                              0x08003a55   Thumb Code    20  usbh_diskio.o(i.USBH_status)
    USBH_write                               0x08003a6d   Thumb Code    70  usbh_diskio.o(i.USBH_write)
    USB_CoreInit                             0x08003ab9   Thumb Code   112  stm32f4xx_ll_usb.o(i.USB_CoreInit)
    USB_DisableGlobalInt                     0x08003b65   Thumb Code    12  stm32f4xx_ll_usb.o(i.USB_DisableGlobalInt)
    USB_DoPing                               0x08003b71   Thumb Code    30  stm32f4xx_ll_usb.o(i.USB_DoPing)
    USB_DriveVbus                            0x08003b95   Thumb Code    44  stm32f4xx_ll_usb.o(i.USB_DriveVbus)
    USB_EnableGlobalInt                      0x08003bc1   Thumb Code    12  stm32f4xx_ll_usb.o(i.USB_EnableGlobalInt)
    USB_FlushRxFifo                          0x08003bcd   Thumb Code    28  stm32f4xx_ll_usb.o(i.USB_FlushRxFifo)
    USB_FlushTxFifo                          0x08003bed   Thumb Code    32  stm32f4xx_ll_usb.o(i.USB_FlushTxFifo)
    USB_GetCurrentFrame                      0x08003c11   Thumb Code     8  stm32f4xx_ll_usb.o(i.USB_GetCurrentFrame)
    USB_GetMode                              0x08003c19   Thumb Code     8  stm32f4xx_ll_usb.o(i.USB_GetMode)
    USB_HC_Halt                              0x08003c21   Thumb Code   194  stm32f4xx_ll_usb.o(i.USB_HC_Halt)
    USB_HC_Init                              0x08003ce5   Thumb Code   240  stm32f4xx_ll_usb.o(i.USB_HC_Init)
    USB_HC_ReadInterrupt                     0x08003dd5   Thumb Code     8  stm32f4xx_ll_usb.o(i.USB_HC_ReadInterrupt)
    USB_HC_StartXfer                         0x08003ddd   Thumb Code   330  stm32f4xx_ll_usb.o(i.USB_HC_StartXfer)
    USB_HostInit                             0x08003f2d   Thumb Code   194  stm32f4xx_ll_usb.o(i.USB_HostInit)
    USB_InitFSLSPClkSel                      0x08004005   Thumb Code    54  stm32f4xx_ll_usb.o(i.USB_InitFSLSPClkSel)
    USB_ReadInterrupts                       0x0800403b   Thumb Code     8  stm32f4xx_ll_usb.o(i.USB_ReadInterrupts)
    USB_ReadPacket                           0x08004043   Thumb Code    28  stm32f4xx_ll_usb.o(i.USB_ReadPacket)
    USB_SetCurrentMode                       0x0800405f   Thumb Code    46  stm32f4xx_ll_usb.o(i.USB_SetCurrentMode)
    USB_StopHost                             0x0800408d   Thumb Code   126  stm32f4xx_ll_usb.o(i.USB_StopHost)
    USB_WritePacket                          0x0800410b   Thumb Code    36  stm32f4xx_ll_usb.o(i.USB_WritePacket)
    UsageFault_Handler                       0x0800412f   Thumb Code     2  stm32f4xx_it.o(i.UsageFault_Handler)
    __0sprintf$8                             0x08004131   Thumb Code    34  printf8.o(i.__0sprintf$8)
    __1sprintf$8                             0x08004131   Thumb Code     0  printf8.o(i.__0sprintf$8)
    __2sprintf                               0x08004131   Thumb Code     0  printf8.o(i.__0sprintf$8)
    __scatterload_copy                       0x08004179   Thumb Code    14  handlers.o(i.__scatterload_copy)
    __scatterload_null                       0x08004187   Thumb Code     2  handlers.o(i.__scatterload_null)
    __scatterload_zeroinit                   0x08004189   Thumb Code    14  handlers.o(i.__scatterload_zeroinit)
    free                                     0x080072e1   Thumb Code    76  malloc.o(i.free)
    jcopy_block_row                          0x08008643   Thumb Code    12  jutils.o(i.jcopy_block_row)
    jcopy_sample_rows                        0x0800864f   Thumb Code    38  jutils.o(i.jcopy_sample_rows)
    jdiv_round_up                            0x08008675   Thumb Code    10  jutils.o(i.jdiv_round_up)
    jinit_1pass_quantizer                    0x08008681   Thumb Code   124  jquant1.o(i.jinit_1pass_quantizer)
    jinit_2pass_quantizer                    0x08008709   Thumb Code   234  jquant2.o(i.jinit_2pass_quantizer)
    jinit_arith_decoder                      0x080087fd   Thumb Code   100  jdarith.o(i.jinit_arith_decoder)
    jinit_color_deconverter                  0x08008865   Thumb Code   352  jdcolor.o(i.jinit_color_deconverter)
    jinit_d_coef_controller                  0x080089e5   Thumb Code   194  jdcoefct.o(i.jinit_d_coef_controller)
    jinit_d_main_controller                  0x08008ac1   Thumb Code   156  jdmainct.o(i.jinit_d_main_controller)
    jinit_d_post_controller                  0x08008b61   Thumb Code   104  jdpostct.o(i.jinit_d_post_controller)
    jinit_huff_decoder                       0x08008bcd   Thumb Code   110  jdhuff.o(i.jinit_huff_decoder)
    jinit_input_controller                   0x08008c41   Thumb Code    48  jdinput.o(i.jinit_input_controller)
    jinit_inverse_dct                        0x08008c81   Thumb Code    86  jddctmgr.o(i.jinit_inverse_dct)
    jinit_marker_reader                      0x08008cdd   Thumb Code    74  jdmarker.o(i.jinit_marker_reader)
    jinit_master_decompress                  0x08008d3d   Thumb Code    42  jdmaster.o(i.jinit_master_decompress)
    jinit_memory_mgr                         0x08008d71   Thumb Code   134  jmemmgr.o(i.jinit_memory_mgr)
    jinit_merged_upsampler                   0x08008e25   Thumb Code    86  jdmerge.o(i.jinit_merged_upsampler)
    jinit_upsampler                          0x08008e91   Thumb Code   282  jdsample.o(i.jinit_upsampler)
    jpeg_CreateDecompress                    0x08008fc9   Thumb Code   160  jdapimin.o(i.jpeg_CreateDecompress)
    jpeg_abort                               0x08009069   Thumb Code    40  jcomapi.o(i.jpeg_abort)
    jpeg_alloc_huff_table                    0x08009091   Thumb Code    22  jcomapi.o(i.jpeg_alloc_huff_table)
    jpeg_alloc_quant_table                   0x080090a7   Thumb Code    20  jcomapi.o(i.jpeg_alloc_quant_table)
    jpeg_calc_output_dimensions              0x080090bd   Thumb Code   332  jdmaster.o(i.jpeg_calc_output_dimensions)
    jpeg_consume_input                       0x08009209   Thumb Code   122  jdapimin.o(i.jpeg_consume_input)
    jpeg_core_output_dimensions              0x08009285   Thumb Code   658  jdinput.o(i.jpeg_core_output_dimensions)
    jpeg_destroy                             0x08009517   Thumb Code    22  jcomapi.o(i.jpeg_destroy)
    jpeg_destroy_decompress                  0x0800952d   Thumb Code     4  jdapimin.o(i.jpeg_destroy_decompress)
    jpeg_finish_decompress                   0x080095db   Thumb Code   126  jdapimin.o(i.jpeg_finish_decompress)
    jpeg_free_large                          0x08009659   Thumb Code     6  jmemnobs.o(i.jpeg_free_large)
    jpeg_free_small                          0x0800965f   Thumb Code     6  jmemnobs.o(i.jpeg_free_small)
    jpeg_get_large                           0x08009665   Thumb Code     6  jmemnobs.o(i.jpeg_get_large)
    jpeg_get_small                           0x0800966b   Thumb Code     6  jmemnobs.o(i.jpeg_get_small)
    jpeg_idct_10x10                          0x08009705   Thumb Code   800  jidctint.o(i.jpeg_idct_10x10)
    jpeg_idct_10x5                           0x08009a29   Thumb Code   576  jidctint.o(i.jpeg_idct_10x5)
    jpeg_idct_11x11                          0x08009c6d   Thumb Code  1110  jidctint.o(i.jpeg_idct_11x11)
    jpeg_idct_12x12                          0x0800a0e9   Thumb Code   994  jidctint.o(i.jpeg_idct_12x12)
    jpeg_idct_12x6                           0x0800a4d9   Thumb Code   710  jidctint.o(i.jpeg_idct_12x6)
    jpeg_idct_13x13                          0x0800a7ad   Thumb Code  1352  jidctint.o(i.jpeg_idct_13x13)
    jpeg_idct_14x14                          0x0800ad0d   Thumb Code  1178  jidctint.o(i.jpeg_idct_14x14)
    jpeg_idct_14x7                           0x0800b1b5   Thumb Code   888  jidctint.o(i.jpeg_idct_14x7)
    jpeg_idct_15x15                          0x0800b541   Thumb Code  1198  jidctint.o(i.jpeg_idct_15x15)
    jpeg_idct_16x16                          0x0800ba01   Thumb Code  1512  jidctint.o(i.jpeg_idct_16x16)
    jpeg_idct_16x8                           0x0800bfe9   Thumb Code  1240  jidctint.o(i.jpeg_idct_16x8)
    jpeg_idct_1x1                            0x0800c4c1   Thumb Code    32  jidctint.o(i.jpeg_idct_1x1)
    jpeg_idct_1x2                            0x0800c4e1   Thumb Code    52  jidctint.o(i.jpeg_idct_1x2)
    jpeg_idct_2x1                            0x0800c515   Thumb Code    52  jidctint.o(i.jpeg_idct_2x1)
    jpeg_idct_2x2                            0x0800c549   Thumb Code   106  jidctint.o(i.jpeg_idct_2x2)
    jpeg_idct_2x4                            0x0800c5b5   Thumb Code   198  jidctint.o(i.jpeg_idct_2x4)
    jpeg_idct_3x3                            0x0800c681   Thumb Code   216  jidctint.o(i.jpeg_idct_3x3)
    jpeg_idct_3x6                            0x0800c759   Thumb Code   300  jidctint.o(i.jpeg_idct_3x6)
    jpeg_idct_4x2                            0x0800c885   Thumb Code   190  jidctint.o(i.jpeg_idct_4x2)
    jpeg_idct_4x4                            0x0800c949   Thumb Code   278  jidctint.o(i.jpeg_idct_4x4)
    jpeg_idct_4x8                            0x0800ca65   Thumb Code   600  jidctint.o(i.jpeg_idct_4x8)
    jpeg_idct_5x10                           0x0800cccd   Thumb Code   598  jidctint.o(i.jpeg_idct_5x10)
    jpeg_idct_5x5                            0x0800cf29   Thumb Code   368  jidctint.o(i.jpeg_idct_5x5)
    jpeg_idct_6x12                           0x0800d09d   Thumb Code   682  jidctint.o(i.jpeg_idct_6x12)
    jpeg_idct_6x3                            0x0800d355   Thumb Code   296  jidctint.o(i.jpeg_idct_6x3)
    jpeg_idct_6x6                            0x0800d47d   Thumb Code   398  jidctint.o(i.jpeg_idct_6x6)
    jpeg_idct_7x14                           0x0800d60d   Thumb Code   882  jidctint.o(i.jpeg_idct_7x14)
    jpeg_idct_7x7                            0x0800d995   Thumb Code   632  jidctint.o(i.jpeg_idct_7x7)
    jpeg_idct_8x16                           0x0800dc19   Thumb Code  1114  jidctint.o(i.jpeg_idct_8x16)
    jpeg_idct_8x4                            0x0800e09d   Thumb Code   472  jidctint.o(i.jpeg_idct_8x4)
    jpeg_idct_9x9                            0x0800e285   Thumb Code   750  jidctint.o(i.jpeg_idct_9x9)
    jpeg_idct_float                          0x0800e579   Thumb Code   818  jidctflt.o(i.jpeg_idct_float)
    jpeg_idct_ifast                          0x0800e8c1   Thumb Code   722  jidctfst.o(i.jpeg_idct_ifast)
    jpeg_idct_islow                          0x0800eb95   Thumb Code   876  jidctint.o(i.jpeg_idct_islow)
    jpeg_mem_available                       0x0800f0ed   Thumb Code     4  jmemnobs.o(i.jpeg_mem_available)
    jpeg_mem_init                            0x0800f0f1   Thumb Code     4  jmemnobs.o(i.jpeg_mem_init)
    jpeg_mem_src                             0x0800f0f5   Thumb Code    70  jdatasrc.o(i.jpeg_mem_src)
    jpeg_mem_term                            0x0800f151   Thumb Code     2  jmemnobs.o(i.jpeg_mem_term)
    jpeg_open_backing_store                  0x0800f153   Thumb Code    12  jmemnobs.o(i.jpeg_open_backing_store)
    jpeg_read_header                         0x0800f15f   Thumb Code    80  jdapimin.o(i.jpeg_read_header)
    jpeg_read_scanlines                      0x0800f1af   Thumb Code   118  jdapistd.o(i.jpeg_read_scanlines)
    jpeg_resync_to_restart                   0x0800f225   Thumb Code   178  jdmarker.o(i.jpeg_resync_to_restart)
    jpeg_start_decompress                    0x0800f2d7   Thumb Code   154  jdapistd.o(i.jpeg_start_decompress)
    jpeg_std_error                           0x0800f371   Thumb Code    46  jerror.o(i.jpeg_std_error)
    jround_up                                0x0800f3b9   Thumb Code    16  jutils.o(i.jround_up)
    main                                     0x0800f3dd   Thumb Code   162  main.o(i.main)
    malloc                                   0x0800f545   Thumb Code    92  malloc.o(i.malloc)
    USBH_Driver                              0x0801207c   Data          20  usbh_diskio.o(.constdata)
    font                                     0x08012090   Data       24700  tft_stm32_16.o(.constdata)
    AHBPrescTable                            0x0801810c   Data          16  system_stm32f4xx.o(.constdata)
    APBPrescTable                            0x0801811c   Data           8  system_stm32f4xx.o(.constdata)
    jpeg_aritab                              0x08018660   Data         456  jaricom.o(.constdata)
    jpeg_std_message_table                   0x08018828   Data         512  jerror.o(.constdata)
    jpeg_natural_order                       0x08018a38   Data         320  jutils.o(.constdata)
    jpeg_natural_order7                      0x08018b78   Data         260  jutils.o(.constdata)
    jpeg_natural_order6                      0x08018c7c   Data         208  jutils.o(.constdata)
    jpeg_natural_order5                      0x08018d4c   Data         164  jutils.o(.constdata)
    jpeg_natural_order4                      0x08018df0   Data         128  jutils.o(.constdata)
    jpeg_natural_order3                      0x08018e70   Data         100  jutils.o(.constdata)
    jpeg_natural_order2                      0x08018ed4   Data          80  jutils.o(.constdata)
    Region$$Table$$Base                      0x0801a238   Number         0  anon$$obj.o(Region$$Table)
    Region$$Table$$Limit                     0x0801a258   Number         0  anon$$obj.o(Region$$Table)
    retUSBH                                  0x20000000   Data           1  fatfs.o(.data)
    USBHPath                                 0x20000001   Data           4  fatfs.o(.data)
    Appli_state                              0x20000005   Data           1  usb_host.o(.data)
    uwTickFreq                               0x2000000c   Data           1  stm32f4xx_hal.o(.data)
    uwTickPrio                               0x20000010   Data           4  stm32f4xx_hal.o(.data)
    uwTick                                   0x20000014   Data           4  stm32f4xx_hal.o(.data)
    SystemCoreClock                          0x20000018   Data           4  system_stm32f4xx.o(.data)
    USBH_msc                                 0x2000001c   Data          32  usbh_msc.o(.data)
    __microlib_freelist                      0x2000003c   Data           4  mvars.o(.data)
    __microlib_freelist_initialised          0x20000040   Data           4  mvars.o(.data)
    hi2c1                                    0x20000044   Data          84  main.o(.bss)
    hi2s3                                    0x20000098   Data          72  main.o(.bss)
    hUsbHostFS                               0x200000e0   Data         984  usb_host.o(.bss)
    hhcd_USB_OTG_FS                          0x200004b8   Data         708  usbh_conf.o(.bss)
    cinfo                                    0x20000780   Data         488  tft_stm32_16.o(.bss)
    jerr                                     0x20000968   Data         132  tft_stm32_16.o(.bss)
    t_buffer                                 0x200009ec   Data         512  tft_stm32_16.o(.bss)
    t_buffer2                                0x20000bec   Data       15000  tft_stm32_16.o(.bss)
    t_buffer3                                0x20004684   Data        1920  tft_stm32_16.o(.bss)
    disk                                     0x20004e04   Data          12  ff_gen_drv.o(.bss)
    __heap_base                              0x20004e10   Data           0  startup_stm32f407xx.o(HEAP)
    __heap_limit                             0x20005010   Data           0  startup_stm32f407xx.o(HEAP)
    __initial_sp                             0x20005410   Data           0  startup_stm32f407xx.o(STACK)



==============================================================================

Memory Map of the image

  Image Entry point : 0x08000189

  Load Region LR_IROM1 (Base: 0x08000000, Size: 0x0001a29c, Max: 0x00100000, ABSOLUTE)

    Execution Region ER_IROM1 (Exec base: 0x08000000, Load base: 0x08000000, Size: 0x0001a258, Max: 0x00100000, ABSOLUTE)

    Exec Addr    Load Addr    Size         Type   Attr      Idx    E Section Name        Object

    0x08000000   0x08000000   0x00000188   Data   RO            3    RESET               startup_stm32f407xx.o
    0x08000188   0x08000188   0x00000000   Code   RO         7377  * .ARM.Collect$$$$00000000  mc_w.l(entry.o)
    0x08000188   0x08000188   0x00000004   Code   RO         7685    .ARM.Collect$$$$00000001  mc_w.l(entry2.o)
    0x0800018c   0x0800018c   0x00000004   Code   RO         7688    .ARM.Collect$$$$00000004  mc_w.l(entry5.o)
    0x08000190   0x08000190   0x00000000   Code   RO         7690    .ARM.Collect$$$$00000008  mc_w.l(entry7b.o)
    0x08000190   0x08000190   0x00000000   Code   RO         7692    .ARM.Collect$$$$0000000A  mc_w.l(entry8b.o)
    0x08000190   0x08000190   0x00000008   Code   RO         7693    .ARM.Collect$$$$0000000B  mc_w.l(entry9a.o)
    0x08000198   0x08000198   0x00000000   Code   RO         7695    .ARM.Collect$$$$0000000D  mc_w.l(entry10a.o)
    0x08000198   0x08000198   0x00000000   Code   RO         7697    .ARM.Collect$$$$0000000F  mc_w.l(entry11a.o)
    0x08000198   0x08000198   0x00000004   Code   RO         7686    .ARM.Collect$$$$00002712  mc_w.l(entry2.o)
    0x0800019c   0x0800019c   0x00000024   Code   RO            4    .text               startup_stm32f407xx.o
    0x080001c0   0x080001c0   0x00000062   Code   RO         7380    .text               mc_w.l(uldiv.o)
    0x08000222   0x08000222   0x00000024   Code   RO         7382    .text               mc_w.l(memcpya.o)
    0x08000246   0x08000246   0x00000024   Code   RO         7384    .text               mc_w.l(memseta.o)
    0x0800026a   0x0800026a   0x000000e4   Code   RO         7677    .text               mf_w.l(dmul.o)
    0x0800034e   0x0800034e   0x0000001a   Code   RO         7681    .text               mf_w.l(dfltui.o)
    0x08000368   0x08000368   0x00000038   Code   RO         7683    .text               mf_w.l(d2f.o)
    0x080003a0   0x080003a0   0x0000001e   Code   RO         7704    .text               mc_w.l(llshl.o)
    0x080003be   0x080003be   0x00000020   Code   RO         7706    .text               mc_w.l(llushr.o)
    0x080003de   0x080003de   0x00000000   Code   RO         7710    .text               mc_w.l(iusefp.o)
    0x080003de   0x080003de   0x0000006e   Code   RO         7711    .text               mf_w.l(fepilogue.o)
    0x0800044c   0x0800044c   0x000000ba   Code   RO         7713    .text               mf_w.l(depilogue.o)
    0x08000506   0x08000506   0x00000002   PAD
    0x08000508   0x08000508   0x00000024   Code   RO         7721    .text               mc_w.l(init.o)
    0x0800052c   0x0800052c   0x00000002   Code   RO          647    i.BusFault_Handler  stm32f4xx_it.o
    0x0800052e   0x0800052e   0x00000002   PAD
    0x08000530   0x08000530   0x00000050   Code   RO         6845    i.DeInitStateMachine  usbh_core.o
    0x08000580   0x08000580   0x00000002   Code   RO          648    i.DebugMon_Handler  stm32f4xx_it.o
    0x08000582   0x08000582   0x00000002   Code   RO           13    i.Error_Handler     main.o
    0x08000584   0x08000584   0x00000006   Code   RO         3656    i.FATFS_LinkDriver  ff_gen_drv.o
    0x0800058a   0x0800058a   0x00000002   PAD
    0x0800058c   0x0800058c   0x00000040   Code   RO         3657    i.FATFS_LinkDriverEx  ff_gen_drv.o
    0x080005cc   0x080005cc   0x00000024   Code   RO         2232    i.HAL_Delay         stm32f4xx_hal.o
    0x080005f0   0x080005f0   0x000001b8   Code   RO         1706    i.HAL_GPIO_Init     stm32f4xx_hal_gpio.o
    0x080007a8   0x080007a8   0x0000000e   Code   RO         1709    i.HAL_GPIO_TogglePin  stm32f4xx_hal_gpio.o
    0x080007b6   0x080007b6   0x0000000a   Code   RO         1710    i.HAL_GPIO_WritePin  stm32f4xx_hal_gpio.o
    0x080007c0   0x080007c0   0x0000000c   Code   RO         2238    i.HAL_GetTick       stm32f4xx_hal.o
    0x080007cc   0x080007cc   0x00000008   Code   RO          442    i.HAL_HCD_Connect_Callback  usbh_conf.o
    0x080007d4   0x080007d4   0x00000008   Code   RO          443    i.HAL_HCD_Disconnect_Callback  usbh_conf.o
    0x080007dc   0x080007dc   0x00000006   Code   RO          872    i.HAL_HCD_GetCurrentFrame  stm32f4xx_hal_hcd.o
    0x080007e2   0x080007e2   0x0000000e   Code   RO          876    i.HAL_HCD_HC_GetURBState  stm32f4xx_hal_hcd.o
    0x080007f0   0x080007f0   0x0000000c   Code   RO          877    i.HAL_HCD_HC_GetXferCount  stm32f4xx_hal_hcd.o
    0x080007fc   0x080007fc   0x00000024   Code   RO          878    i.HAL_HCD_HC_Halt   stm32f4xx_hal_hcd.o
    0x08000820   0x08000820   0x00000072   Code   RO          879    i.HAL_HCD_HC_Init   stm32f4xx_hal_hcd.o
    0x08000892   0x08000892   0x00000002   Code   RO          444    i.HAL_HCD_HC_NotifyURBChange_Callback  usbh_conf.o
    0x08000894   0x08000894   0x00000094   Code   RO          881    i.HAL_HCD_HC_SubmitRequest  stm32f4xx_hal_hcd.o
    0x08000928   0x08000928   0x00000130   Code   RO          882    i.HAL_HCD_IRQHandler  stm32f4xx_hal_hcd.o
    0x08000a58   0x08000a58   0x00000072   Code   RO          883    i.HAL_HCD_Init      stm32f4xx_hal_hcd.o
    0x08000aca   0x08000aca   0x00000002   PAD
    0x08000acc   0x08000acc   0x00000094   Code   RO          446    i.HAL_HCD_MspInit   usbh_conf.o
    0x08000b60   0x08000b60   0x00000008   Code   RO          447    i.HAL_HCD_PortDisabled_Callback  usbh_conf.o
    0x08000b68   0x08000b68   0x00000008   Code   RO          448    i.HAL_HCD_PortEnabled_Callback  usbh_conf.o
    0x08000b70   0x08000b70   0x00000008   Code   RO          449    i.HAL_HCD_SOF_Callback  usbh_conf.o
    0x08000b78   0x08000b78   0x0000002c   Code   RO          890    i.HAL_HCD_Start     stm32f4xx_hal_hcd.o
    0x08000ba4   0x08000ba4   0x00000024   Code   RO          891    i.HAL_HCD_Stop      stm32f4xx_hal_hcd.o
    0x08000bc8   0x08000bc8   0x00000188   Code   RO         2494    i.HAL_I2C_Init      stm32f4xx_hal_i2c.o
    0x08000d50   0x08000d50   0x0000006c   Code   RO          730    i.HAL_I2C_MspInit   stm32f4xx_hal_msp.o
    0x08000dbc   0x08000dbc   0x000001f4   Code   RO         3107    i.HAL_I2SEx_FullDuplex_IRQHandler  stm32f4xx_hal_i2s_ex.o
    0x08000fb0   0x08000fb0   0x00000002   Code   RO         3111    i.HAL_I2SEx_TxRxCpltCallback  stm32f4xx_hal_i2s_ex.o
    0x08000fb2   0x08000fb2   0x00000002   Code   RO         2932    i.HAL_I2S_ErrorCallback  stm32f4xx_hal_i2s.o
    0x08000fb4   0x08000fb4   0x00000174   Code   RO         2936    i.HAL_I2S_Init      stm32f4xx_hal_i2s.o
    0x08001128   0x08001128   0x00000090   Code   RO          732    i.HAL_I2S_MspInit   stm32f4xx_hal_msp.o
    0x080011b8   0x080011b8   0x00000002   Code   RO         2942    i.HAL_I2S_RxCpltCallback  stm32f4xx_hal_i2s.o
    0x080011ba   0x080011ba   0x00000002   Code   RO         2947    i.HAL_I2S_TxCpltCallback  stm32f4xx_hal_i2s.o
    0x080011bc   0x080011bc   0x00000010   Code   RO         2244    i.HAL_IncTick       stm32f4xx_hal.o
    0x080011cc   0x080011cc   0x00000034   Code   RO         2245    i.HAL_Init          stm32f4xx_hal.o
    0x08001200   0x08001200   0x00000040   Code   RO         2246    i.HAL_InitTick      stm32f4xx_hal.o
    0x08001240   0x08001240   0x00000034   Code   RO          733    i.HAL_MspInit       stm32f4xx_hal_msp.o
    0x08001274   0x08001274   0x0000001a   Code   RO         2095    i.HAL_NVIC_EnableIRQ  stm32f4xx_hal_cortex.o
    0x0800128e   0x0800128e   0x00000002   PAD
    0x08001290   0x08001290   0x00000040   Code   RO         2101    i.HAL_NVIC_SetPriority  stm32f4xx_hal_cortex.o
    0x080012d0   0x080012d0   0x00000024   Code   RO         2102    i.HAL_NVIC_SetPriorityGrouping  stm32f4xx_hal_cortex.o
    0x080012f4   0x080012f4   0x0000005c   Code   RO         1456    i.HAL_RCCEx_GetPeriphCLKFreq  stm32f4xx_hal_rcc_ex.o
    0x08001350   0x08001350   0x0000013c   Code   RO         1457    i.HAL_RCCEx_PeriphCLKConfig  stm32f4xx_hal_rcc_ex.o
    0x0800148c   0x0800148c   0x00000134   Code   RO         1352    i.HAL_RCC_ClockConfig  stm32f4xx_hal_rcc.o
    0x080015c0   0x080015c0   0x00000020   Code   RO         1359    i.HAL_RCC_GetPCLK1Freq  stm32f4xx_hal_rcc.o
    0x080015e0   0x080015e0   0x00000060   Code   RO         1361    i.HAL_RCC_GetSysClockFreq  stm32f4xx_hal_rcc.o
    0x08001640   0x08001640   0x0000035c   Code   RO         1364    i.HAL_RCC_OscConfig  stm32f4xx_hal_rcc.o
    0x0800199c   0x0800199c   0x00000028   Code   RO         2106    i.HAL_SYSTICK_Config  stm32f4xx_hal_cortex.o
    0x080019c4   0x080019c4   0x00000278   Code   RO          893    i.HCD_HC_IN_IRQHandler  stm32f4xx_hal_hcd.o
    0x08001c3c   0x08001c3c   0x00000244   Code   RO          894    i.HCD_HC_OUT_IRQHandler  stm32f4xx_hal_hcd.o
    0x08001e80   0x08001e80   0x00000094   Code   RO          895    i.HCD_Port_IRQHandler  stm32f4xx_hal_hcd.o
    0x08001f14   0x08001f14   0x00000070   Code   RO          896    i.HCD_RXQLVL_IRQHandler  stm32f4xx_hal_hcd.o
    0x08001f84   0x08001f84   0x00000020   Code   RO          649    i.HardFault_Handler  stm32f4xx_it.o
    0x08001fa4   0x08001fa4   0x00000060   Code   RO         3114    i.I2SEx_RxISR_I2SExt  stm32f4xx_hal_i2s_ex.o
    0x08002004   0x08002004   0x00000060   Code   RO         3115    i.I2SEx_TxISR_I2SExt  stm32f4xx_hal_i2s_ex.o
    0x08002064   0x08002064   0x000000f2   Code   RO         2954    i.I2S_IRQHandler    stm32f4xx_hal_i2s.o
    0x08002156   0x08002156   0x00000002   PAD
    0x08002158   0x08002158   0x00000014   Code   RO          623    i.MX_DriverVbusFS   usbh_platform.o
    0x0800216c   0x0800216c   0x0000001c   Code   RO          310    i.MX_FATFS_Init     fatfs.o
    0x08002188   0x08002188   0x00000190   Code   RO           14    i.MX_GPIO_Init      main.o
    0x08002318   0x08002318   0x00000002   Code   RO          348    i.MX_LIBJPEG_Init   libjpeg.o
    0x0800231a   0x0800231a   0x00000002   PAD
    0x0800231c   0x0800231c   0x00000040   Code   RO          403    i.MX_USB_HOST_Init  usb_host.o
    0x0800235c   0x0800235c   0x00000002   Code   RO          650    i.MemManage_Handler  stm32f4xx_it.o
    0x0800235e   0x0800235e   0x00000002   Code   RO          651    i.NMI_Handler       stm32f4xx_it.o
    0x08002360   0x08002360   0x0000000c   Code   RO          652    i.OTG_FS_IRQHandler  stm32f4xx_it.o
    0x0800236c   0x0800236c   0x00000002   Code   RO          653    i.PendSV_Handler    stm32f4xx_it.o
    0x0800236e   0x0800236e   0x00000002   Code   RO          654    i.SVC_Handler       stm32f4xx_it.o
    0x08002370   0x08002370   0x00000004   Code   RO          655    i.SysTick_Handler   stm32f4xx_it.o
    0x08002374   0x08002374   0x0000009c   Code   RO           15    i.SystemClock_Config  main.o
    0x08002410   0x08002410   0x0000001c   Code   RO         3228    i.SystemInit        system_stm32f4xx.o
    0x0800242c   0x0800242c   0x000001cc   Code   RO          780    i.TFT_Init          tft_stm32_16.o
    0x080025f8   0x080025f8   0x00000038   Code   RO          782    i.TFT_ReadChar      tft_stm32_16.o
    0x08002630   0x08002630   0x0000006c   Code   RO          783    i.TFT_SetScroll     tft_stm32_16.o
    0x0800269c   0x0800269c   0x00000044   Code   RO          784    i.TFT_Write16Pmt    tft_stm32_16.o
    0x080026e0   0x080026e0   0x0000004c   Code   RO          785    i.TFT_WriteCmd      tft_stm32_16.o
    0x0800272c   0x0800272c   0x00000040   Code   RO          786    i.TFT_WritePmt      tft_stm32_16.o
    0x0800276c   0x0800276c   0x000000e4   Code   RO          787    i.TFT_putchar       tft_stm32_16.o
    0x08002850   0x08002850   0x00000038   Code   RO         7146    i.USBH_AllocPipe    usbh_pipes.o
    0x08002888   0x08002888   0x00000020   Code   RO         7074    i.USBH_BulkReceiveData  usbh_ioreq.o
    0x080028a8   0x080028a8   0x00000028   Code   RO         7075    i.USBH_BulkSendData  usbh_ioreq.o
    0x080028d0   0x080028d0   0x0000000a   Code   RO         7147    i.USBH_ClosePipe    usbh_pipes.o
    0x080028da   0x080028da   0x0000001e   Code   RO         6980    i.USBH_ClrFeature   usbh_ctlreq.o
    0x080028f8   0x080028f8   0x0000001e   Code   RO         7076    i.USBH_CtlReceiveData  usbh_ioreq.o
    0x08002916   0x08002916   0x0000003a   Code   RO         6981    i.USBH_CtlReq       usbh_ctlreq.o
    0x08002950   0x08002950   0x00000028   Code   RO         7077    i.USBH_CtlSendData  usbh_ioreq.o
    0x08002978   0x08002978   0x0000001e   Code   RO         7078    i.USBH_CtlSendSetup  usbh_ioreq.o
    0x08002996   0x08002996   0x00000002   PAD
    0x08002998   0x08002998   0x00000044   Code   RO         6847    i.USBH_FindInterface  usbh_core.o
    0x080029dc   0x080029dc   0x00000018   Code   RO         7148    i.USBH_FreePipe     usbh_pipes.o
    0x080029f4   0x080029f4   0x00000018   Code   RO          451    i.USBH_Get_USB_Status  usbh_conf.o
    0x08002a0c   0x08002a0c   0x00000192   Code   RO         6987    i.USBH_HandleControl  usbh_ctlreq.o
    0x08002b9e   0x08002b9e   0x0000003e   Code   RO         6851    i.USBH_Init         usbh_core.o
    0x08002bdc   0x08002bdc   0x00000012   Code   RO          452    i.USBH_LL_ClosePipe  usbh_conf.o
    0x08002bee   0x08002bee   0x00000014   Code   RO         6853    i.USBH_LL_Connect   usbh_core.o
    0x08002c02   0x08002c02   0x0000002e   Code   RO         6854    i.USBH_LL_Disconnect  usbh_core.o
    0x08002c30   0x08002c30   0x0000001a   Code   RO          454    i.USBH_LL_DriverVBUS  usbh_conf.o
    0x08002c4a   0x08002c4a   0x00000008   Code   RO          455    i.USBH_LL_GetLastXferSize  usbh_conf.o
    0x08002c52   0x08002c52   0x0000001e   Code   RO          457    i.USBH_LL_GetToggle  usbh_conf.o
    0x08002c70   0x08002c70   0x00000008   Code   RO          458    i.USBH_LL_GetURBState  usbh_conf.o
    0x08002c78   0x08002c78   0x0000001e   Code   RO         6855    i.USBH_LL_IncTimer  usbh_core.o
    0x08002c96   0x08002c96   0x00000002   PAD
    0x08002c98   0x08002c98   0x00000050   Code   RO          459    i.USBH_LL_Init      usbh_conf.o
    0x08002ce8   0x08002ce8   0x0000001c   Code   RO          460    i.USBH_LL_OpenPipe  usbh_conf.o
    0x08002d04   0x08002d04   0x00000008   Code   RO         6856    i.USBH_LL_PortDisabled  usbh_core.o
    0x08002d0c   0x08002d0c   0x00000008   Code   RO         6857    i.USBH_LL_PortEnabled  usbh_core.o
    0x08002d14   0x08002d14   0x00000006   Code   RO         6858    i.USBH_LL_SetTimer  usbh_core.o
    0x08002d1a   0x08002d1a   0x00000020   Code   RO          462    i.USBH_LL_SetToggle  usbh_conf.o
    0x08002d3a   0x08002d3a   0x00000012   Code   RO          463    i.USBH_LL_Start     usbh_conf.o
    0x08002d4c   0x08002d4c   0x00000012   Code   RO          464    i.USBH_LL_Stop      usbh_conf.o
    0x08002d5e   0x08002d5e   0x00000022   Code   RO          465    i.USBH_LL_SubmitURB  usbh_conf.o
    0x08002d80   0x08002d80   0x0000001e   Code   RO         7279    i.USBH_MSC_BOT_Abort  usbh_msc_bot.o
    0x08002d9e   0x08002d9e   0x00000002   PAD
    0x08002da0   0x08002da0   0x00000024   Code   RO         7280    i.USBH_MSC_BOT_Init  usbh_msc_bot.o
    0x08002dc4   0x08002dc4   0x000001dc   Code   RO         7281    i.USBH_MSC_BOT_Process  usbh_msc_bot.o
    0x08002fa0   0x08002fa0   0x00000016   Code   RO         7282    i.USBH_MSC_BOT_REQ_GetMaxLUN  usbh_msc_bot.o
    0x08002fb6   0x08002fb6   0x00000016   Code   RO         7283    i.USBH_MSC_BOT_REQ_Reset  usbh_msc_bot.o
    0x08002fcc   0x08002fcc   0x00000078   Code   RO         7188    i.USBH_MSC_ClassRequest  usbh_msc.o
    0x08003044   0x08003044   0x0000002e   Code   RO         7189    i.USBH_MSC_GetLUNInfo  usbh_msc.o
    0x08003072   0x08003072   0x0000004a   Code   RO         7191    i.USBH_MSC_InterfaceDeInit  usbh_msc.o
    0x080030bc   0x080030bc   0x000000f8   Code   RO         7192    i.USBH_MSC_InterfaceInit  usbh_msc.o
    0x080031b4   0x080031b4   0x0000027e   Code   RO         7194    i.USBH_MSC_Process  usbh_msc.o
    0x08003432   0x08003432   0x00000002   PAD
    0x08003434   0x08003434   0x0000008e   Code   RO         7195    i.USBH_MSC_RdWrProcess  usbh_msc.o
    0x080034c2   0x080034c2   0x0000008a   Code   RO         7196    i.USBH_MSC_Read     usbh_msc.o
    0x0800354c   0x0800354c   0x000000d4   Code   RO         7326    i.USBH_MSC_SCSI_Inquiry  usbh_msc_scsi.o
    0x08003620   0x08003620   0x00000080   Code   RO         7327    i.USBH_MSC_SCSI_Read  usbh_msc_scsi.o
    0x080036a0   0x080036a0   0x0000007a   Code   RO         7328    i.USBH_MSC_SCSI_ReadCapacity  usbh_msc_scsi.o
    0x0800371a   0x0800371a   0x00000092   Code   RO         7329    i.USBH_MSC_SCSI_RequestSense  usbh_msc_scsi.o
    0x080037ac   0x080037ac   0x0000004c   Code   RO         7330    i.USBH_MSC_SCSI_TestUnitReady  usbh_msc_scsi.o
    0x080037f8   0x080037f8   0x00000080   Code   RO         7331    i.USBH_MSC_SCSI_Write  usbh_msc_scsi.o
    0x08003878   0x08003878   0x00000004   Code   RO         7197    i.USBH_MSC_SOFProcess  usbh_msc.o
    0x0800387c   0x0800387c   0x00000026   Code   RO         7198    i.USBH_MSC_UnitIsReady  usbh_msc.o
    0x080038a2   0x080038a2   0x0000008a   Code   RO         7199    i.USBH_MSC_Write    usbh_msc.o
    0x0800392c   0x0800392c   0x00000014   Code   RO         7149    i.USBH_OpenPipe     usbh_pipes.o
    0x08003940   0x08003940   0x0000001c   Code   RO         6861    i.USBH_RegisterClass  usbh_core.o
    0x0800395c   0x0800395c   0x00000016   Code   RO         6862    i.USBH_SelectInterface  usbh_core.o
    0x08003972   0x08003972   0x00000014   Code   RO         6863    i.USBH_Start        usbh_core.o
    0x08003986   0x08003986   0x00000002   PAD
    0x08003988   0x08003988   0x00000020   Code   RO          405    i.USBH_UserProcess  usb_host.o
    0x080039a8   0x080039a8   0x00000004   Code   RO          255    i.USBH_initialize   usbh_diskio.o
    0x080039ac   0x080039ac   0x00000064   Code   RO          256    i.USBH_ioctl        usbh_diskio.o
    0x08003a10   0x08003a10   0x00000044   Code   RO          257    i.USBH_read         usbh_diskio.o
    0x08003a54   0x08003a54   0x00000018   Code   RO          258    i.USBH_status       usbh_diskio.o
    0x08003a6c   0x08003a6c   0x0000004c   Code   RO          259    i.USBH_write        usbh_diskio.o
    0x08003ab8   0x08003ab8   0x00000074   Code   RO         1056    i.USB_CoreInit      stm32f4xx_ll_usb.o
    0x08003b2c   0x08003b2c   0x00000038   Code   RO         1057    i.USB_CoreReset     stm32f4xx_ll_usb.o
    0x08003b64   0x08003b64   0x0000000c   Code   RO         1064    i.USB_DisableGlobalInt  stm32f4xx_ll_usb.o
    0x08003b70   0x08003b70   0x00000024   Code   RO         1065    i.USB_DoPing        stm32f4xx_ll_usb.o
    0x08003b94   0x08003b94   0x0000002c   Code   RO         1066    i.USB_DriveVbus     stm32f4xx_ll_usb.o
    0x08003bc0   0x08003bc0   0x0000000c   Code   RO         1072    i.USB_EnableGlobalInt  stm32f4xx_ll_usb.o
    0x08003bcc   0x08003bcc   0x00000020   Code   RO         1073    i.USB_FlushRxFifo   stm32f4xx_ll_usb.o
    0x08003bec   0x08003bec   0x00000024   Code   RO         1074    i.USB_FlushTxFifo   stm32f4xx_ll_usb.o
    0x08003c10   0x08003c10   0x00000008   Code   RO         1075    i.USB_GetCurrentFrame  stm32f4xx_ll_usb.o
    0x08003c18   0x08003c18   0x00000008   Code   RO         1078    i.USB_GetMode       stm32f4xx_ll_usb.o
    0x08003c20   0x08003c20   0x000000c2   Code   RO         1079    i.USB_HC_Halt       stm32f4xx_ll_usb.o
    0x08003ce2   0x08003ce2   0x00000002   PAD
    0x08003ce4   0x08003ce4   0x000000f0   Code   RO         1080    i.USB_HC_Init       stm32f4xx_ll_usb.o
    0x08003dd4   0x08003dd4   0x00000008   Code   RO         1081    i.USB_HC_ReadInterrupt  stm32f4xx_ll_usb.o
    0x08003ddc   0x08003ddc   0x00000150   Code   RO         1082    i.USB_HC_StartXfer  stm32f4xx_ll_usb.o
    0x08003f2c   0x08003f2c   0x000000d8   Code   RO         1083    i.USB_HostInit      stm32f4xx_ll_usb.o
    0x08004004   0x08004004   0x00000036   Code   RO         1084    i.USB_InitFSLSPClkSel  stm32f4xx_ll_usb.o
    0x0800403a   0x0800403a   0x00000008   Code   RO         1089    i.USB_ReadInterrupts  stm32f4xx_ll_usb.o
    0x08004042   0x08004042   0x0000001c   Code   RO         1090    i.USB_ReadPacket    stm32f4xx_ll_usb.o
    0x0800405e   0x0800405e   0x0000002e   Code   RO         1092    i.USB_SetCurrentMode  stm32f4xx_ll_usb.o
    0x0800408c   0x0800408c   0x0000007e   Code   RO         1097    i.USB_StopHost      stm32f4xx_ll_usb.o
    0x0800410a   0x0800410a   0x00000024   Code   RO         1098    i.USB_WritePacket   stm32f4xx_ll_usb.o
    0x0800412e   0x0800412e   0x00000002   Code   RO          656    i.UsageFault_Handler  stm32f4xx_it.o
    0x08004130   0x08004130   0x00000028   Code   RO         7597    i.__0sprintf$8      mc_w.l(printf8.o)
    0x08004158   0x08004158   0x00000020   Code   RO         2108    i.__NVIC_SetPriority  stm32f4xx_hal_cortex.o
    0x08004178   0x08004178   0x0000000e   Code   RO         7729    i.__scatterload_copy  mc_w.l(handlers.o)
    0x08004186   0x08004186   0x00000002   Code   RO         7730    i.__scatterload_null  mc_w.l(handlers.o)
    0x08004188   0x08004188   0x0000000e   Code   RO         7731    i.__scatterload_zeroinit  mc_w.l(handlers.o)
    0x08004196   0x08004196   0x00000002   PAD
    0x08004198   0x08004198   0x00000410   Code   RO         7602    i._printf_core      mc_w.l(printf8.o)
    0x080045a8   0x080045a8   0x00000024   Code   RO         7603    i._printf_post_padding  mc_w.l(printf8.o)
    0x080045cc   0x080045cc   0x0000002e   Code   RO         7604    i._printf_pre_padding  mc_w.l(printf8.o)
    0x080045fa   0x080045fa   0x0000000a   Code   RO         7606    i._sputc            mc_w.l(printf8.o)
    0x08004604   0x08004604   0x00000102   Code   RO         6612    i.access_virt_barray  jmemmgr.o
    0x08004706   0x08004706   0x00000100   Code   RO         6613    i.access_virt_sarray  jmemmgr.o
    0x08004806   0x08004806   0x0000007a   Code   RO         6614    i.alloc_barray      jmemmgr.o
    0x08004880   0x08004880   0x00000032   Code   RO         6269    i.alloc_fs_workspace  jquant1.o
    0x080048b2   0x080048b2   0x00000074   Code   RO         5355    i.alloc_funny_pointers  jdmainct.o
    0x08004926   0x08004926   0x0000007a   Code   RO         6615    i.alloc_large       jmemmgr.o
    0x080049a0   0x080049a0   0x00000074   Code   RO         6616    i.alloc_sarray      jmemmgr.o
    0x08004a14   0x08004a14   0x000000d8   Code   RO         6617    i.alloc_small       jmemmgr.o
    0x08004aec   0x08004aec   0x000000c8   Code   RO         5730    i.arith_decode      jdarith.o
    0x08004bb4   0x08004bb4   0x0000009c   Code   RO         6146    i.build_ycc_rgb_table  jdcolor.o
    0x08004c50   0x08004c50   0x0000009c   Code   RO         6215    i.build_ycc_rgb_table  jdmerge.o
    0x08004cec   0x08004cec   0x00000056   Code   RO         6270    i.color_quantize    jquant1.o
    0x08004d42   0x08004d42   0x00000056   Code   RO         6271    i.color_quantize3   jquant1.o
    0x08004d98   0x08004d98   0x000000c2   Code   RO         6365    i.compute_color     jquant2.o
    0x08004e5a   0x08004e5a   0x00000108   Code   RO         5409    i.consume_data      jdcoefct.o
    0x08004f62   0x08004f62   0x00000002   PAD
    0x08004f64   0x08004f64   0x000000a6   Code   RO         5295    i.consume_markers   jdinput.o
    0x0800500a   0x0800500a   0x00000002   PAD
    0x0800500c   0x0800500c   0x000000d0   Code   RO         6272    i.create_colorindex  jquant1.o
    0x080050dc   0x080050dc   0x000000c0   Code   RO         6273    i.create_colormap   jquant1.o
    0x0800519c   0x0800519c   0x000000a0   Code   RO         6274    i.create_odither_tables  jquant1.o
    0x0800523c   0x0800523c   0x000002dc   Code   RO         5649    i.decode_mcu        jdhuff.o
    0x08005518   0x08005518   0x00000222   Code   RO         5731    i.decode_mcu        jdarith.o
    0x0800573a   0x0800573a   0x00000002   PAD
    0x0800573c   0x0800573c   0x0000016c   Code   RO         5650    i.decode_mcu_AC_first  jdhuff.o
    0x080058a8   0x080058a8   0x00000136   Code   RO         5732    i.decode_mcu_AC_first  jdarith.o
    0x080059de   0x080059de   0x00000002   PAD
    0x080059e0   0x080059e0   0x000002ac   Code   RO         5651    i.decode_mcu_AC_refine  jdhuff.o
    0x08005c8c   0x08005c8c   0x0000010a   Code   RO         5733    i.decode_mcu_AC_refine  jdarith.o
    0x08005d96   0x08005d96   0x00000002   PAD
    0x08005d98   0x08005d98   0x00000158   Code   RO         5652    i.decode_mcu_DC_first  jdhuff.o
    0x08005ef0   0x08005ef0   0x00000148   Code   RO         5734    i.decode_mcu_DC_first  jdarith.o
    0x08006038   0x08006038   0x00000092   Code   RO         5653    i.decode_mcu_DC_refine  jdhuff.o
    0x080060ca   0x080060ca   0x00000054   Code   RO         5735    i.decode_mcu_DC_refine  jdarith.o
    0x0800611e   0x0800611e   0x00000002   PAD
    0x08006120   0x08006120   0x000002e8   Code   RO         5654    i.decode_mcu_sub    jdhuff.o
    0x08006408   0x08006408   0x00000110   Code   RO         5410    i.decompress_data   jdcoefct.o
    0x08006518   0x08006518   0x00000174   Code   RO         5411    i.decompress_onepass  jdcoefct.o
    0x0800668c   0x0800668c   0x00000426   Code   RO         5412    i.decompress_smooth_data  jdcoefct.o
    0x08006ab2   0x08006ab2   0x00000002   PAD
    0x08006ab4   0x08006ab4   0x00000128   Code   RO         3857    i.default_decompress_parms  jdapimin.o
    0x08006bdc   0x08006bdc   0x00000076   Code   RO         6618    i.do_barray_io      jmemmgr.o
    0x08006c52   0x08006c52   0x00000074   Code   RO         6619    i.do_sarray_io      jmemmgr.o
    0x08006cc6   0x08006cc6   0x00000004   Code   RO         5413    i.dummy_consume_data  jdcoefct.o
    0x08006cca   0x08006cca   0x0000002c   Code   RO         6553    i.emit_message      jerror.o
    0x08006cf6   0x08006cf6   0x00000016   Code   RO         6554    i.error_exit        jerror.o
    0x08006d0c   0x08006d0c   0x00000152   Code   RO         5522    i.examine_app0      jdmarker.o
    0x08006e5e   0x08006e5e   0x0000007e   Code   RO         5523    i.examine_app14     jdmarker.o
    0x08006edc   0x08006edc   0x00000094   Code   RO         6366    i.fill_inverse_cmap  jquant2.o
    0x08006f70   0x08006f70   0x0000002c   Code   RO         6465    i.fill_mem_input_buffer  jdatasrc.o
    0x08006f9c   0x08006f9c   0x000000d2   Code   RO         6367    i.find_best_colors  jquant2.o
    0x0800706e   0x0800706e   0x00000002   PAD
    0x08007070   0x08007070   0x00000136   Code   RO         6368    i.find_nearby_colors  jquant2.o
    0x080071a6   0x080071a6   0x00000002   PAD
    0x080071a8   0x080071a8   0x00000010   Code   RO         5296    i.finish_input_pass  jdinput.o
    0x080071b8   0x080071b8   0x0000001a   Code   RO         5239    i.finish_output_pass  jdmaster.o
    0x080071d2   0x080071d2   0x00000018   Code   RO         6369    i.finish_pass1      jquant2.o
    0x080071ea   0x080071ea   0x00000002   Code   RO         6370    i.finish_pass2      jquant2.o
    0x080071ec   0x080071ec   0x00000002   Code   RO         6275    i.finish_pass_1_quant  jquant1.o
    0x080071ee   0x080071ee   0x00000068   Code   RO         5524    i.first_marker      jdmarker.o
    0x08007256   0x08007256   0x00000088   Code   RO         6555    i.format_message    jerror.o
    0x080072de   0x080072de   0x00000002   PAD
    0x080072e0   0x080072e0   0x00000050   Code   RO         7649    i.free              mc_w.l(malloc.o)
    0x08007330   0x08007330   0x000000c6   Code   RO         6620    i.free_pool         jmemmgr.o
    0x080073f6   0x080073f6   0x00000004   Code   RO         6087    i.fullsize_upsample  jdsample.o
    0x080073fa   0x080073fa   0x00000030   Code   RO         5736    i.get_byte          jdarith.o
    0x0800742a   0x0800742a   0x00000104   Code   RO         5525    i.get_dac           jdmarker.o
    0x0800752e   0x0800752e   0x00000202   Code   RO         5526    i.get_dht           jdmarker.o
    0x08007730   0x08007730   0x00000238   Code   RO         5527    i.get_dqt           jdmarker.o
    0x08007968   0x08007968   0x000000a6   Code   RO         5528    i.get_dri           jdmarker.o
    0x08007a0e   0x08007a0e   0x00000002   PAD
    0x08007a10   0x08007a10   0x000000e8   Code   RO         5529    i.get_interesting_appn  jdmarker.o
    0x08007af8   0x08007af8   0x00000216   Code   RO         5530    i.get_sof           jdmarker.o
    0x08007d0e   0x08007d0e   0x0000007a   Code   RO         5531    i.get_soi           jdmarker.o
    0x08007d88   0x08007d88   0x000001fe   Code   RO         5532    i.get_sos           jdmarker.o
    0x08007f86   0x08007f86   0x00000002   PAD
    0x08007f88   0x08007f88   0x00000034   Code   RO         6147    i.gray_rgb_convert  jdcolor.o
    0x08007fbc   0x08007fbc   0x0000001c   Code   RO         6148    i.grayscale_convert  jdcolor.o
    0x08007fd8   0x08007fd8   0x000000e4   Code   RO         6216    i.h2v1_merged_upsample  jdmerge.o
    0x080080bc   0x080080bc   0x00000034   Code   RO         6088    i.h2v1_upsample     jdsample.o
    0x080080f0   0x080080f0   0x0000016e   Code   RO         6217    i.h2v2_merged_upsample  jdmerge.o
    0x0800825e   0x0800825e   0x00000002   PAD
    0x08008260   0x08008260   0x00000054   Code   RO         6089    i.h2v2_upsample     jdsample.o
    0x080082b4   0x080082b4   0x00000064   Code   RO         6371    i.init_error_limit  jquant2.o
    0x08008318   0x08008318   0x00000002   Code   RO         6466    i.init_mem_source   jdatasrc.o
    0x0800831a   0x0800831a   0x00000002   PAD
    0x0800831c   0x0800831c   0x000002b0   Code   RO         5297    i.initial_setup     jdinput.o
    0x080085cc   0x080085cc   0x00000076   Code   RO         6090    i.int_upsample      jdsample.o
    0x08008642   0x08008642   0x0000000c   Code   RO         6718    i.jcopy_block_row   jutils.o
    0x0800864e   0x0800864e   0x00000026   Code   RO         6719    i.jcopy_sample_rows  jutils.o
    0x08008674   0x08008674   0x0000000a   Code   RO         6720    i.jdiv_round_up     jutils.o
    0x0800867e   0x0800867e   0x00000002   PAD
    0x08008680   0x08008680   0x00000088   Code   RO         6276    i.jinit_1pass_quantizer  jquant1.o
    0x08008708   0x08008708   0x000000f4   Code   RO         6372    i.jinit_2pass_quantizer  jquant2.o
    0x080087fc   0x080087fc   0x00000068   Code   RO         5737    i.jinit_arith_decoder  jdarith.o
    0x08008864   0x08008864   0x00000180   Code   RO         6149    i.jinit_color_deconverter  jdcolor.o
    0x080089e4   0x080089e4   0x000000dc   Code   RO         5414    i.jinit_d_coef_controller  jdcoefct.o
    0x08008ac0   0x08008ac0   0x000000a0   Code   RO         5356    i.jinit_d_main_controller  jdmainct.o
    0x08008b60   0x08008b60   0x0000006c   Code   RO         5478    i.jinit_d_post_controller  jdpostct.o
    0x08008bcc   0x08008bcc   0x00000074   Code   RO         5655    i.jinit_huff_decoder  jdhuff.o
    0x08008c40   0x08008c40   0x00000040   Code   RO         5298    i.jinit_input_controller  jdinput.o
    0x08008c80   0x08008c80   0x0000005c   Code   RO         5799    i.jinit_inverse_dct  jddctmgr.o
    0x08008cdc   0x08008cdc   0x00000060   Code   RO         5533    i.jinit_marker_reader  jdmarker.o
    0x08008d3c   0x08008d3c   0x00000034   Code   RO         5240    i.jinit_master_decompress  jdmaster.o
    0x08008d70   0x08008d70   0x000000b4   Code   RO         6621    i.jinit_memory_mgr  jmemmgr.o
    0x08008e24   0x08008e24   0x0000006c   Code   RO         6218    i.jinit_merged_upsampler  jdmerge.o
    0x08008e90   0x08008e90   0x00000138   Code   RO         6091    i.jinit_upsampler   jdsample.o
    0x08008fc8   0x08008fc8   0x000000a0   Code   RO         3858    i.jpeg_CreateDecompress  jdapimin.o
    0x08009068   0x08009068   0x00000028   Code   RO         3981    i.jpeg_abort        jcomapi.o
    0x08009090   0x08009090   0x00000016   Code   RO         3982    i.jpeg_alloc_huff_table  jcomapi.o
    0x080090a6   0x080090a6   0x00000014   Code   RO         3983    i.jpeg_alloc_quant_table  jcomapi.o
    0x080090ba   0x080090ba   0x00000002   PAD
    0x080090bc   0x080090bc   0x0000014c   Code   RO         5241    i.jpeg_calc_output_dimensions  jdmaster.o
    0x08009208   0x08009208   0x0000007a   Code   RO         3860    i.jpeg_consume_input  jdapimin.o
    0x08009282   0x08009282   0x00000002   PAD
    0x08009284   0x08009284   0x00000292   Code   RO         5299    i.jpeg_core_output_dimensions  jdinput.o
    0x08009516   0x08009516   0x00000016   Code   RO         3984    i.jpeg_destroy      jcomapi.o
    0x0800952c   0x0800952c   0x00000004   Code   RO         3861    i.jpeg_destroy_decompress  jdapimin.o
    0x08009530   0x08009530   0x000000aa   Code   RO         5656    i.jpeg_fill_bit_buffer  jdhuff.o
    0x080095da   0x080095da   0x0000007e   Code   RO         3862    i.jpeg_finish_decompress  jdapimin.o
    0x08009658   0x08009658   0x00000006   Code   RO         6776    i.jpeg_free_large   jmemnobs.o
    0x0800965e   0x0800965e   0x00000006   Code   RO         6777    i.jpeg_free_small   jmemnobs.o
    0x08009664   0x08009664   0x00000006   Code   RO         6778    i.jpeg_get_large    jmemnobs.o
    0x0800966a   0x0800966a   0x00000006   Code   RO         6779    i.jpeg_get_small    jmemnobs.o
    0x08009670   0x08009670   0x00000094   Code   RO         5657    i.jpeg_huff_decode  jdhuff.o
    0x08009704   0x08009704   0x00000324   Code   RO         5829    i.jpeg_idct_10x10   jidctint.o
    0x08009a28   0x08009a28   0x00000244   Code   RO         5830    i.jpeg_idct_10x5    jidctint.o
    0x08009c6c   0x08009c6c   0x0000047c   Code   RO         5831    i.jpeg_idct_11x11   jidctint.o
    0x0800a0e8   0x0800a0e8   0x000003f0   Code   RO         5832    i.jpeg_idct_12x12   jidctint.o
    0x0800a4d8   0x0800a4d8   0x000002d4   Code   RO         5833    i.jpeg_idct_12x6    jidctint.o
    0x0800a7ac   0x0800a7ac   0x00000560   Code   RO         5834    i.jpeg_idct_13x13   jidctint.o
    0x0800ad0c   0x0800ad0c   0x000004a8   Code   RO         5835    i.jpeg_idct_14x14   jidctint.o
    0x0800b1b4   0x0800b1b4   0x0000038c   Code   RO         5836    i.jpeg_idct_14x7    jidctint.o
    0x0800b540   0x0800b540   0x000004c0   Code   RO         5837    i.jpeg_idct_15x15   jidctint.o
    0x0800ba00   0x0800ba00   0x000005e8   Code   RO         5838    i.jpeg_idct_16x16   jidctint.o
    0x0800bfe8   0x0800bfe8   0x000004d8   Code   RO         5839    i.jpeg_idct_16x8    jidctint.o
    0x0800c4c0   0x0800c4c0   0x00000020   Code   RO         5840    i.jpeg_idct_1x1     jidctint.o
    0x0800c4e0   0x0800c4e0   0x00000034   Code   RO         5841    i.jpeg_idct_1x2     jidctint.o
    0x0800c514   0x0800c514   0x00000034   Code   RO         5842    i.jpeg_idct_2x1     jidctint.o
    0x0800c548   0x0800c548   0x0000006a   Code   RO         5843    i.jpeg_idct_2x2     jidctint.o
    0x0800c5b2   0x0800c5b2   0x00000002   PAD
    0x0800c5b4   0x0800c5b4   0x000000cc   Code   RO         5844    i.jpeg_idct_2x4     jidctint.o
    0x0800c680   0x0800c680   0x000000d8   Code   RO         5845    i.jpeg_idct_3x3     jidctint.o
    0x0800c758   0x0800c758   0x0000012c   Code   RO         5846    i.jpeg_idct_3x6     jidctint.o
    0x0800c884   0x0800c884   0x000000c4   Code   RO         5847    i.jpeg_idct_4x2     jidctint.o
    0x0800c948   0x0800c948   0x0000011c   Code   RO         5848    i.jpeg_idct_4x4     jidctint.o
    0x0800ca64   0x0800ca64   0x00000268   Code   RO         5849    i.jpeg_idct_4x8     jidctint.o
    0x0800cccc   0x0800cccc   0x0000025c   Code   RO         5850    i.jpeg_idct_5x10    jidctint.o
    0x0800cf28   0x0800cf28   0x00000174   Code   RO         5851    i.jpeg_idct_5x5     jidctint.o
    0x0800d09c   0x0800d09c   0x000002b8   Code   RO         5852    i.jpeg_idct_6x12    jidctint.o
    0x0800d354   0x0800d354   0x00000128   Code   RO         5853    i.jpeg_idct_6x3     jidctint.o
    0x0800d47c   0x0800d47c   0x0000018e   Code   RO         5854    i.jpeg_idct_6x6     jidctint.o
    0x0800d60a   0x0800d60a   0x00000002   PAD
    0x0800d60c   0x0800d60c   0x00000388   Code   RO         5855    i.jpeg_idct_7x14    jidctint.o
    0x0800d994   0x0800d994   0x00000284   Code   RO         5856    i.jpeg_idct_7x7     jidctint.o
    0x0800dc18   0x0800dc18   0x00000484   Code   RO         5857    i.jpeg_idct_8x16    jidctint.o
    0x0800e09c   0x0800e09c   0x000001e8   Code   RO         5858    i.jpeg_idct_8x4     jidctint.o
    0x0800e284   0x0800e284   0x000002f4   Code   RO         5859    i.jpeg_idct_9x9     jidctint.o
    0x0800e578   0x0800e578   0x00000348   Code   RO         6063    i.jpeg_idct_float   jidctflt.o
    0x0800e8c0   0x0800e8c0   0x000002d2   Code   RO         6039    i.jpeg_idct_ifast   jidctfst.o
    0x0800eb92   0x0800eb92   0x00000002   PAD
    0x0800eb94   0x0800eb94   0x0000037c   Code   RO         5860    i.jpeg_idct_islow   jidctint.o
    0x0800ef10   0x0800ef10   0x000001dc   Code   RO         5658    i.jpeg_make_d_derived_tbl  jdhuff.o
    0x0800f0ec   0x0800f0ec   0x00000004   Code   RO         6780    i.jpeg_mem_available  jmemnobs.o
    0x0800f0f0   0x0800f0f0   0x00000004   Code   RO         6781    i.jpeg_mem_init     jmemnobs.o
    0x0800f0f4   0x0800f0f4   0x0000005c   Code   RO         6468    i.jpeg_mem_src      jdatasrc.o
    0x0800f150   0x0800f150   0x00000002   Code   RO         6782    i.jpeg_mem_term     jmemnobs.o
    0x0800f152   0x0800f152   0x0000000c   Code   RO         6783    i.jpeg_open_backing_store  jmemnobs.o
    0x0800f15e   0x0800f15e   0x00000050   Code   RO         3865    i.jpeg_read_header  jdapimin.o
    0x0800f1ae   0x0800f1ae   0x00000076   Code   RO         3930    i.jpeg_read_scanlines  jdapistd.o
    0x0800f224   0x0800f224   0x000000b2   Code   RO         5534    i.jpeg_resync_to_restart  jdmarker.o
    0x0800f2d6   0x0800f2d6   0x0000009a   Code   RO         3931    i.jpeg_start_decompress  jdapistd.o
    0x0800f370   0x0800f370   0x00000048   Code   RO         6556    i.jpeg_std_error    jerror.o
    0x0800f3b8   0x0800f3b8   0x00000010   Code   RO         6721    i.jround_up         jutils.o
    0x0800f3c8   0x0800f3c8   0x00000014   Code   RO         6277    i.largest_input_value  jquant1.o
    0x0800f3dc   0x0800f3dc   0x000000c0   Code   RO           17    i.main              main.o
    0x0800f49c   0x0800f49c   0x000000a6   Code   RO         5357    i.make_funny_pointers  jdmainct.o
    0x0800f542   0x0800f542   0x00000002   PAD
    0x0800f544   0x0800f544   0x0000006c   Code   RO         7650    i.malloc            mc_w.l(malloc.o)
    0x0800f5b0   0x0800f5b0   0x0000019e   Code   RO         5243    i.master_selection  jdmaster.o
    0x0800f74e   0x0800f74e   0x00000002   PAD
    0x0800f750   0x0800f750   0x00000108   Code   RO         6373    i.median_cut        jquant2.o
    0x0800f858   0x0800f858   0x00000026   Code   RO         6219    i.merged_1v_upsample  jdmerge.o
    0x0800f87e   0x0800f87e   0x00000094   Code   RO         6220    i.merged_2v_upsample  jdmerge.o
    0x0800f912   0x0800f912   0x0000000c   Code   RO         6278    i.new_color_map_1_quant  jquant1.o
    0x0800f91e   0x0800f91e   0x0000000a   Code   RO         6374    i.new_color_map_2_quant  jquant2.o
    0x0800f928   0x0800f928   0x000000a8   Code   RO         5537    i.next_marker       jdmarker.o
    0x0800f9d0   0x0800f9d0   0x00000006   Code   RO         6092    i.noop_upsample     jdsample.o
    0x0800f9d6   0x0800f9d6   0x00000046   Code   RO         6150    i.null_convert      jdcolor.o
    0x0800fa1c   0x0800fa1c   0x00000010   Code   RO         6622    i.out_of_memory     jmemmgr.o
    0x0800fa2c   0x0800fa2c   0x00000010   Code   RO         6557    i.output_message    jerror.o
    0x0800fa3c   0x0800fa3c   0x00000096   Code   RO         3933    i.output_pass_setup  jdapistd.o
    0x0800fad2   0x0800fad2   0x000001d6   Code   RO         6375    i.pass2_fs_dither   jquant2.o
    0x0800fca8   0x0800fca8   0x0000006e   Code   RO         6376    i.pass2_no_dither   jquant2.o
    0x0800fd16   0x0800fd16   0x00000002   PAD
    0x0800fd18   0x0800fd18   0x0000011a   Code   RO         5300    i.per_scan_setup    jdinput.o
    0x0800fe32   0x0800fe32   0x00000058   Code   RO         5479    i.post_process_1pass  jdpostct.o
    0x0800fe8a   0x0800fe8a   0x00000082   Code   RO         5480    i.post_process_2pass  jdpostct.o
    0x0800ff0c   0x0800ff0c   0x00000088   Code   RO         5481    i.post_process_prepass  jdpostct.o
    0x0800ff94   0x0800ff94   0x00000108   Code   RO         5244    i.prepare_for_output_pass  jdmaster.o
    0x0801009c   0x0801009c   0x00000054   Code   RO         6377    i.prescan_quantize  jquant2.o
    0x080100f0   0x080100f0   0x000001d4   Code   RO         5358    i.process_data_context_main  jdmainct.o
    0x080102c4   0x080102c4   0x00000016   Code   RO         5359    i.process_data_crank_post  jdmainct.o
    0x080102da   0x080102da   0x0000005a   Code   RO         5360    i.process_data_simple_main  jdmainct.o
    0x08010334   0x08010334   0x00000058   Code   RO         5659    i.process_restart   jdhuff.o
    0x0801038c   0x0801038c   0x0000009e   Code   RO         5738    i.process_restart   jdarith.o
    0x0801042a   0x0801042a   0x00000002   PAD
    0x0801042c   0x0801042c   0x000000a0   Code   RO         6279    i.quantize3_ord_dither  jquant1.o
    0x080104cc   0x080104cc   0x0000011e   Code   RO         6280    i.quantize_fs_dither  jquant1.o
    0x080105ea   0x080105ea   0x0000008e   Code   RO         6281    i.quantize_ord_dither  jquant1.o
    0x08010678   0x08010678   0x00000198   Code   RO         5538    i.read_markers      jdmarker.o
    0x08010810   0x08010810   0x00000066   Code   RO         5539    i.read_restart_marker  jdmarker.o
    0x08010876   0x08010876   0x00000002   PAD
    0x08010878   0x08010878   0x0000011c   Code   RO         6623    i.realize_virt_arrays  jmemmgr.o
    0x08010994   0x08010994   0x0000004c   Code   RO         6624    i.request_virt_barray  jmemmgr.o
    0x080109e0   0x080109e0   0x0000004c   Code   RO         6625    i.request_virt_sarray  jmemmgr.o
    0x08010a2c   0x08010a2c   0x0000000c   Code   RO         6558    i.reset_error_mgr   jerror.o
    0x08010a38   0x08010a38   0x00000034   Code   RO         5301    i.reset_input_controller  jdinput.o
    0x08010a6c   0x08010a6c   0x0000001e   Code   RO         5540    i.reset_marker_reader  jdmarker.o
    0x08010a8a   0x08010a8a   0x00000002   PAD
    0x08010a8c   0x08010a8c   0x00000052   Code   RO         6151    i.rgb_convert       jdcolor.o
    0x08010ade   0x08010ade   0x00000002   PAD
    0x08010ae0   0x08010ae0   0x00000074   Code   RO         6152    i.rgb_gray_convert  jdcolor.o
    0x08010b54   0x08010b54   0x00000072   Code   RO         6378    i.select_colors     jquant2.o
    0x08010bc6   0x08010bc6   0x00000002   PAD
    0x08010bc8   0x08010bc8   0x00000098   Code   RO         6282    i.select_ncolors    jquant1.o
    0x08010c60   0x08010c60   0x0000002a   Code   RO         6626    i.self_destruct     jmemmgr.o
    0x08010c8a   0x08010c8a   0x000000b4   Code   RO         6093    i.sep_upsample      jdsample.o
    0x08010d3e   0x08010d3e   0x00000028   Code   RO         6470    i.skip_input_data   jdatasrc.o
    0x08010d66   0x08010d66   0x00000074   Code   RO         5542    i.skip_variable     jdmarker.o
    0x08010dda   0x08010dda   0x00000002   PAD
    0x08010ddc   0x08010ddc   0x00000096   Code   RO         5415    i.smoothing_ok      jdcoefct.o
    0x08010e72   0x08010e72   0x00000032   Code   RO         5416    i.start_iMCU_row    jdcoefct.o
    0x08010ea4   0x08010ea4   0x0000008e   Code   RO         5302    i.start_input_pass  jdinput.o
    0x08010f32   0x08010f32   0x0000000a   Code   RO         5417    i.start_input_pass  jdcoefct.o
    0x08010f3c   0x08010f3c   0x00000030   Code   RO         5418    i.start_output_pass  jdcoefct.o
    0x08010f6c   0x08010f6c   0x00000260   Code   RO         5739    i.start_pass        jdarith.o
    0x080111cc   0x080111cc   0x000003a8   Code   RO         5800    i.start_pass        jddctmgr.o
    0x08011574   0x08011574   0x000000bc   Code   RO         6283    i.start_pass_1_quant  jquant1.o
    0x08011630   0x08011630   0x000000e8   Code   RO         6379    i.start_pass_2_quant  jquant2.o
    0x08011718   0x08011718   0x00000002   Code   RO         6153    i.start_pass_dcolor  jdcolor.o
    0x0801171a   0x0801171a   0x00000002   PAD
    0x0801171c   0x0801171c   0x00000080   Code   RO         5482    i.start_pass_dpost  jdpostct.o
    0x0801179c   0x0801179c   0x000003f0   Code   RO         5660    i.start_pass_huff_decoder  jdhuff.o
    0x08011b8c   0x08011b8c   0x00000054   Code   RO         5361    i.start_pass_main   jdmainct.o
    0x08011be0   0x08011be0   0x0000000e   Code   RO         6221    i.start_pass_merged_upsample  jdmerge.o
    0x08011bee   0x08011bee   0x00000010   Code   RO         6094    i.start_pass_upsample  jdsample.o
    0x08011bfe   0x08011bfe   0x00000002   Code   RO         6471    i.term_source       jdatasrc.o
    0x08011c00   0x08011c00   0x00000272   Code   RO         6380    i.update_box        jquant2.o
    0x08011e72   0x08011e72   0x00000090   Code   RO         5245    i.use_merged_upsample  jdmaster.o
    0x08011f02   0x08011f02   0x0000009c   Code   RO         6154    i.ycc_rgb_convert   jdcolor.o
    0x08011f9e   0x08011f9e   0x00000002   PAD
    0x08011fa0   0x08011fa0   0x000000b6   Code   RO         6155    i.ycck_cmyk_convert  jdcolor.o
    0x08012056   0x08012056   0x00000002   PAD
    0x08012058   0x08012058   0x00000024   Data   RO           19    .constdata          main.o
    0x0801207c   0x0801207c   0x00000014   Data   RO          260    .constdata          usbh_diskio.o
    0x08012090   0x08012090   0x0000607c   Data   RO          789    .constdata          tft_stm32_16.o
    0x0801810c   0x0801810c   0x00000010   Data   RO         3229    .constdata          system_stm32f4xx.o
    0x0801811c   0x0801811c   0x00000008   Data   RO         3230    .constdata          system_stm32f4xx.o
    0x08018124   0x08018124   0x0000036c   Data   RO         5661    .constdata          jdhuff.o
    0x08018490   0x08018490   0x000000c0   Data   RO         5801    .constdata          jddctmgr.o
    0x08018550   0x08018550   0x0000010c   Data   RO         6284    .constdata          jquant1.o
    0x0801865c   0x0801865c   0x00000004   Data   RO         6472    .constdata          jdatasrc.o
    0x08018660   0x08018660   0x000001c8   Data   RO         6525    .constdata          jaricom.o
    0x08018828   0x08018828   0x00000200   Data   RO         6559    .constdata          jerror.o
    0x08018a28   0x08018a28   0x00000010   Data   RO         6627    .constdata          jmemmgr.o
    0x08018a38   0x08018a38   0x00000140   Data   RO         6722    .constdata          jutils.o
    0x08018b78   0x08018b78   0x00000104   Data   RO         6723    .constdata          jutils.o
    0x08018c7c   0x08018c7c   0x000000d0   Data   RO         6724    .constdata          jutils.o
    0x08018d4c   0x08018d4c   0x000000a4   Data   RO         6725    .constdata          jutils.o
    0x08018df0   0x08018df0   0x00000080   Data   RO         6726    .constdata          jutils.o
    0x08018e70   0x08018e70   0x00000064   Data   RO         6727    .constdata          jutils.o
    0x08018ed4   0x08018ed4   0x00000050   Data   RO         6728    .constdata          jutils.o
    0x08018f24   0x08018f24   0x0000130d   Data   RO         6560    .conststring        jerror.o
    0x0801a231   0x0801a231   0x00000003   PAD
    0x0801a234   0x0801a234   0x00000004   Data   RO         7200    .conststring        usbh_msc.o
    0x0801a238   0x0801a238   0x00000020   Data   RO         7727    Region$$Table       anon$$obj.o


    Execution Region RW_IRAM2 (Exec base: 0x10000000, Load base: 0x0801a29c, Size: 0x00000000, Max: 0x00010000, ABSOLUTE)

    **** No section assigned to this execution region ****


    Execution Region RW_IRAM1 (Exec base: 0x20000000, Load base: 0x0801a258, Size: 0x00005410, Max: 0x00020000, ABSOLUTE)

    Exec Addr    Load Addr    Size         Type   Attr      Idx    E Section Name        Object

    0x20000000   0x0801a258   0x00000005   Data   RW          314    .data               fatfs.o
    0x20000005   0x0801a25d   0x00000001   Data   RW          407    .data               usb_host.o
    0x20000006   0x0801a25e   0x00000002   PAD
    0x20000008   0x0801a260   0x00000004   Data   RW         1099    .data               stm32f4xx_ll_usb.o
    0x2000000c   0x0801a264   0x0000000c   Data   RW         2252    .data               stm32f4xx_hal.o
    0x20000018   0x0801a270   0x00000004   Data   RW         3231    .data               system_stm32f4xx.o
    0x2000001c   0x0801a274   0x00000020   Data   RW         7201    .data               usbh_msc.o
    0x2000003c   0x0801a294   0x00000004   Data   RW         7708    .data               mc_w.l(mvars.o)
    0x20000040   0x0801a298   0x00000004   Data   RW         7709    .data               mc_w.l(mvars.o)
    0x20000044        -       0x0000009c   Zero   RW           18    .bss                main.o
    0x200000e0        -       0x000003d8   Zero   RW          406    .bss                usb_host.o
    0x200004b8        -       0x000002c4   Zero   RW          466    .bss                usbh_conf.o
    0x2000077c   0x0801a29c   0x00000004   PAD
    0x20000780        -       0x00004684   Zero   RW          788    .bss                tft_stm32_16.o
    0x20004e04        -       0x0000000c   Zero   RW         3660    .bss                ff_gen_drv.o
    0x20004e10        -       0x00000200   Zero   RW            2    HEAP                startup_stm32f407xx.o
    0x20005010        -       0x00000400   Zero   RW            1    STACK               startup_stm32f407xx.o


==============================================================================

Image component sizes


      Code (inc. data)   RO Data    RW Data    ZI Data      Debug   Object Name

        28         10          0          5          0       1142   fatfs.o
        70          6          0          0         12       1747   ff_gen_drv.o
         0          0        456          0          0        798   jaricom.o
         0          0          0          0          0      15029   jcapimin.o
         0          0          0          0          0        912   jcdctmgr.o
       104          0          0          0          0       2653   jcomapi.o
       788         20          0          0          0       5483   jdapimin.o
       422          0          0          0          0       2682   jdapistd.o
      2652         28          0          0          0      12410   jdarith.o
         0          0          0          0          0       9336   jdatadst.o
       180         28          4          0          0       3887   jdatasrc.o
      2452         34          0          0          0      17118   jdcoefct.o
      1228         50          0          0          0      10814   jdcolor.o
      1028        154        192          0          0       3380   jddctmgr.o
      5020         80        876          0          0      23065   jdhuff.o
      2068         56          0          0          0       7395   jdinput.o
      1106         18          0          0          0       7846   jdmainct.o
      4572        116          0          0          0      19807   jdmarker.o
      1232         16          0          0          0       5872   jdmaster.o
      1058         34          0          0          0       7265   jdmerge.o
       590         16          0          0          0       4858   jdpostct.o
       772         30          0          0          0       8074   jdsample.o
       302         26       5389          0          0       5002   jerror.o
       840         22          0          0          0       2386   jidctflt.o
       722          0          0          0          0       2894   jidctfst.o
     20972        396          0          0          0      49856   jidctint.o
      2196         58         16          0          0      31500   jmemmgr.o
        46          0          0          0          0       5637   jmemnobs.o
      1880         42        268          0          0      16416   jquant1.o
      3142         30          0          0          0      21240   jquant2.o
        76          0       1260          0          0      17121   jutils.o
         2          0          0          0          0        478   libjpeg.o
       750         68         36          0        156     700572   main.o
        36          8        392          0       1536        872   startup_stm32f407xx.o
       180         28          0         12          0       9701   stm32f4xx_hal.o
       198         14          0          0          0      34175   stm32f4xx_hal_cortex.o
       464         46          0          0          0       3173   stm32f4xx_hal_gpio.o
      2300          4          0          0          0      13151   stm32f4xx_hal_hcd.o
       392         16          0          0          0       3175   stm32f4xx_hal_i2c.o
       620         18          0          0          0       4413   stm32f4xx_hal_i2s.o
       694         24          0          0          0       3935   stm32f4xx_hal_i2s_ex.o
       304         34          0          0          0       2470   stm32f4xx_hal_msp.o
      1296         60          0          0          0       4821   stm32f4xx_hal_rcc.o
       408         36          0          0          0       2389   stm32f4xx_hal_rcc_ex.o
        62         12          0          0          0       4946   stm32f4xx_it.o
      1652         52          0          4          0      17706   stm32f4xx_ll_usb.o
        28          6         24          4          0       1239   system_stm32f4xx.o
      1060         60      24700          0      18052       6114   tft_stm32_16.o
        96         16          0          1        984       1824   usb_host.o
       514         14          0          0        708      12537   usbh_conf.o
       398          0          0          0          0       9330   usbh_core.o
       490         12          0          0          0       3631   usbh_ctlreq.o
       272         20         20          0          0       4341   usbh_diskio.o
       172          0          0          0          0       4584   usbh_ioreq.o
      1586         10          4         32          0      11285   usbh_msc.o
       586         28          0          0          0       5045   usbh_msc_bot.o
       812          0          0          0          0       6567   usbh_msc_scsi.o
       110          0          0          0          0       3542   usbh_pipes.o
        20          4          0          0          0        558   usbh_platform.o

    ----------------------------------------------------------------------
     71136       1860      33672         60      21452    1200199   Object Totals
         0          0         32          0          0          0   (incl. Generated)
        88          0          3          2          4          0   (incl. Padding)

    ----------------------------------------------------------------------

      Code (inc. data)   RO Data    RW Data    ZI Data      Debug   Library Member Name

         0          0          0          0          0          0   entry.o
         0          0          0          0          0          0   entry10a.o
         0          0          0          0          0          0   entry11a.o
         8          4          0          0          0          0   entry2.o
         4          0          0          0          0          0   entry5.o
         0          0          0          0          0          0   entry7b.o
         0          0          0          0          0          0   entry8b.o
         8          4          0          0          0          0   entry9a.o
        30          0          0          0          0          0   handlers.o
        36          8          0          0          0         68   init.o
         0          0          0          0          0          0   iusefp.o
        30          0          0          0          0         68   llshl.o
        32          0          0          0          0         68   llushr.o
       188         20          0          0          0        160   malloc.o
        36          0          0          0          0         68   memcpya.o
        36          0          0          0          0        108   memseta.o
         0          0          0          8          0          0   mvars.o
      1172         50          0          0          0        420   printf8.o
        98          0          0          0          0         92   uldiv.o
        56          0          0          0          0         88   d2f.o
       186          0          0          0          0        176   depilogue.o
        26          0          0          0          0         76   dfltui.o
       228          0          0          0          0         96   dmul.o
       110          0          0          0          0        168   fepilogue.o

    ----------------------------------------------------------------------
      2288         86          0          8          0       1656   Library Totals
         4          0          0          0          0          0   (incl. Padding)

    ----------------------------------------------------------------------

      Code (inc. data)   RO Data    RW Data    ZI Data      Debug   Library Name

      1678         86          0          8          0       1052   mc_w.l
       606          0          0          0          0        604   mf_w.l

    ----------------------------------------------------------------------
      2288         86          0          8          0       1656   Library Totals

    ----------------------------------------------------------------------

==============================================================================


      Code (inc. data)   RO Data    RW Data    ZI Data      Debug   

     73424       1946      33672         68      21452    1163527   Grand Totals
     73424       1946      33672         68      21452    1163527   ELF Image Totals
     73424       1946      33672         68          0          0   ROM Totals

==============================================================================

    Total RO  Size (Code + RO Data)               107096 ( 104.59kB)
    Total RW  Size (RW Data + ZI Data)             21520 (  21.02kB)
    Total ROM Size (Code + RO Data + RW Data)     107164 ( 104.65kB)

==============================================================================

